Example of AlmaLinux 8 to AlmaLinux 9 KVM VPS console output after running `leapp upgrade` and rebooting server

This was done on libvirt created KVM VPS `centos7_dev1`

```
virsh list --all
 Id   Name              State
----------------------------------
 6    centos7_dev1      running
 -    almalinux8_dev1   shut off
 -    almalinux8_vm1    shut off
 -    almalinux8_vm2    shut off
 -    almalinux8_vm3    shut off
 -    almalinux9_dev1   shut off
 -    almalinux9_vm1    shut off
 -    almalinux9_vm2    shut off
 -    almalinux9_vm3    shut off
 -    centos7_dev2      shut off
 -    centos7_dev3      shut off
```

```
virsh console centos7_dev1
```

* [virsh console](#console)

```
reboot
Connection to 192.168.122.70 closed by remote host.
Connection to 192.168.122.70 closed.

virsh console centos7_dev1

Connected to domain 'centos7_dev1'
Escape character is ^] (Ctrl + ])
[  OK  ] Stopped MariaDB 10.4.34 database server.
[  OK  ] Stopped target Network.
         Stopping LSB: Bring up/down networking...
[  OK  ] Stopped LSB: Bring up/down networking.
[  OK  ] Stopped target Network (Pre).
         Stopping IPv6 firewall with ip6tables...
         Stopping IPv4 firewall with iptables...
[  OK  ] Stopped Initial cloud-init job (pre-networking).
[  OK  ] Stopped IPv6 firewall with ip6tables.
[  OK  ] Stopped IPv4 firewall with iptables.
[  OK  ] Stopped target Basic System.
[  OK  ] Stopped target Paths.
[  OK  ] Stopped target Slices.
[  OK  ] Removed slice User and Session Slice.
[  OK  ] Stopped target Sockets.
[  OK  ] Closed D-Bus System Message Bus Socket.
[  OK  ] Stopped target System Initialization.
[  OK  ] Stopped target Local Encrypted Volumes.
[  OK  ] Stopped Forward Password Requests to Wall Directory Watch.
[  OK  ] Stopped Dispatch Password Requests to Console Directory Watch.
         Stopping Update UTMP about System Boot/Shutdown...
[  OK  ] Stopped Apply Kernel Variables.
[  OK  ] Stopped Update is Completed.
[  OK  ] Stopped Rebuild Dynamic Linker Cache.
[  OK  ] Stopped Rebuild Hardware Database.
[  OK  ] Stopped target Swap.
         Deactivating swap /swapfile...
         Stopping Load/Save Random Seed...
[  OK  ] Stopped Rebuild Journal Catalog.
[  OK  ] Stopped Update UTMP about System Boot/Shutdown.
[  OK  ] Stopped Load/Save Random Seed.
         Stopping Security Auditing Service...
[  OK  ] Deactivated swap /swapfile.
[  OK  ] Reached target Unmount All Filesystems.
[  OK  ] Stopped Security Auditing Service.
[  OK  ] Stopped Create Volatile Files and Directories.
[  OK  ] Stopped target Local File Systems.
[  OK  ] Stopped Configure read-only root support.
[  OK  ] Stopped target Local File Systems (Pre).
[  OK  ] Stopped Create Static Device Nodes in /dev.
[  OK  ] Stopped Create System Users.
[  OK  ] Stopped Remount Root and Kernel File Systems.
[  OK  ] Reached target Shutdown.
[  OK  ] Reached target Final Step.
[  OK  ] Started Reboot.
[  OK  ] Reached target Reboot.
[10900.286954] watchdog: watchdog0: watchdog did not stop!
[10900.387103] reboot: Restarting system



      AlmaLinux (4.18.0-553.5.1.el8_10.x86_64) 8.10 (Cerulean Leopard)          
      AlmaLinux (3.10.0-1160.119.1.el7.x86_64) 8.10 (Cerulean Leopard)         
      AlmaLinux (3.10.0-1160.80.1.el7.x86_64) 8.10 (Cerulean Leopard)          
      AlmaLinux (0-rescue-9e065f0961d84ecf8bec2457d927e012) 8.10 (Cerulean Leo>
      ELevate-Upgrade-Initramfs                                                
                                                                               
                                                                               
                                                                               
                                                                               
                                                                               
                                                                               
                                                                               
                                                                               
                                                                               
                                                                                

      Use the ^ and v keys to change the selection.                       
      Press 'e' to edit the selected item, or 'c' for a command prompt.   
   The selected entry will be started automatically in 0s.                     
[    0.000000] Linux version 5.14.0-362.24.2.el9_3.x86_64 (mockbuild@x64-builder02.almalinux.org) (gcc (GCC) 11.4.1 20230605 (Red Hat 11.4.1-2), GNU ld version 2.35.2-42.el9_3.1) #1 SMP PREEMPT_DYNAMIC Sat Mar 30 14:11:54 EDT 2024
[    0.000000] The list of certified hardware and cloud instances for Red Hat Enterprise Linux 9 can be viewed at the Red Hat Ecosystem Catalog, https://catalog.redhat.com.
[    0.000000] Command line: BOOT_IMAGE=(hd0,msdos1)/boot/vmlinuz-upgrade.x86_64 root=UUID=f956f023-a2a0-4fd5-8e89-0b44b0848ab3 ro console=tty0 crashkernel=auto console=ttyS0 net.ifnames=0 enforcing=0 rd.plymouth=0 plymouth.enable=0
[    0.000000] x86/fpu: Supporting XSAVE feature 0x001: 'x87 floating point registers'
[    0.000000] x86/fpu: Supporting XSAVE feature 0x002: 'SSE registers'
[    0.000000] x86/fpu: Supporting XSAVE feature 0x004: 'AVX registers'
[    0.000000] x86/fpu: Supporting XSAVE feature 0x200: 'Protection Keys User registers'
[    0.000000] x86/fpu: xstate_offset[2]:  576, xstate_sizes[2]:  256
[    0.000000] x86/fpu: xstate_offset[9]:  832, xstate_sizes[9]:    8
[    0.000000] x86/fpu: Enabled xstate features 0x207, context size is 840 bytes, using 'compacted' format.
[    0.000000] signal: max sigframe size: 3376
[    0.000000] BIOS-provided physical RAM map:
[    0.000000] BIOS-e820: [mem 0x0000000000000000-0x000000000009fbff] usable
[    0.000000] BIOS-e820: [mem 0x000000000009fc00-0x000000000009ffff] reserved
[    0.000000] BIOS-e820: [mem 0x00000000000f0000-0x00000000000fffff] reserved
[    0.000000] BIOS-e820: [mem 0x0000000000100000-0x000000007ffdbfff] usable
[    0.000000] BIOS-e820: [mem 0x000000007ffdc000-0x000000007fffffff] reserved
[    0.000000] BIOS-e820: [mem 0x00000000b0000000-0x00000000bfffffff] reserved
[    0.000000] BIOS-e820: [mem 0x00000000fed1c000-0x00000000fed1ffff] reserved
[    0.000000] BIOS-e820: [mem 0x00000000feffc000-0x00000000feffffff] reserved
[    0.000000] BIOS-e820: [mem 0x00000000fffc0000-0x00000000ffffffff] reserved
[    0.000000] BIOS-e820: [mem 0x0000000100000000-0x000000017fffffff] usable
[    0.000000] BIOS-e820: [mem 0x000000fd00000000-0x000000ffffffffff] reserved
[    0.000000] NX (Execute Disable) protection: active
[    0.000000] SMBIOS 2.8 present.
[    0.000000] DMI: Red Hat KVM/RHEL, BIOS 1.16.3-2.el9 04/01/2014
[    0.000000] Hypervisor detected: KVM
[    0.000000] kvm-clock: Using msrs 4b564d01 and 4b564d00
[    0.000000] kvm-clock: using sched offset of 12553314552745 cycles
[    0.000001] clocksource: kvm-clock: mask: 0xffffffffffffffff max_cycles: 0x1cd42e4dffb, max_idle_ns: 881590591483 ns
[    0.000003] tsc: Detected 3393.624 MHz processor
[    0.000438] last_pfn = 0x180000 max_arch_pfn = 0x400000000
[    0.000466] x86/PAT: Configuration [0-7]: WB  WC  UC- UC  WB  WP  UC- WT  
[    0.000472] last_pfn = 0x7ffdc max_arch_pfn = 0x400000000
[    0.001734] found SMP MP-table at [mem 0x000f5370-0x000f537f]
[    0.001744] Using GB pages for direct mapping
[    0.001825] RAMDISK: [mem 0x2c8e1000-0x32468fff]
[    0.001828] ACPI: Early table checksum verification disabled
[    0.001829] ACPI: RSDP 0x00000000000F5330 000014 (v00 BOCHS )
[    0.001832] ACPI: RSDT 0x000000007FFE2371 000034 (v01 BOCHS  BXPC     00000001 BXPC 00000001)
[    0.001835] ACPI: FACP 0x000000007FFE2169 0000F4 (v03 BOCHS  BXPC     00000001 BXPC 00000001)
[    0.001837] ACPI: DSDT 0x000000007FFDFB80 0025E9 (v01 BOCHS  BXPC     00000001 BXPC 00000001)
[    0.001839] ACPI: FACS 0x000000007FFDFB40 000040
[    0.001840] ACPI: APIC 0x000000007FFE225D 0000B0 (v03 BOCHS  BXPC     00000001 BXPC 00000001)
[    0.001841] ACPI: MCFG 0x000000007FFE230D 00003C (v01 BOCHS  BXPC     00000001 BXPC 00000001)
[    0.001843] ACPI: WAET 0x000000007FFE2349 000028 (v01 BOCHS  BXPC     00000001 BXPC 00000001)
[    0.001844] ACPI: Reserving FACP table memory at [mem 0x7ffe2169-0x7ffe225c]
[    0.001844] ACPI: Reserving DSDT table memory at [mem 0x7ffdfb80-0x7ffe2168]
[    0.001845] ACPI: Reserving FACS table memory at [mem 0x7ffdfb40-0x7ffdfb7f]
[    0.001845] ACPI: Reserving APIC table memory at [mem 0x7ffe225d-0x7ffe230c]
[    0.001846] ACPI: Reserving MCFG table memory at [mem 0x7ffe230d-0x7ffe2348]
[    0.001846] ACPI: Reserving WAET table memory at [mem 0x7ffe2349-0x7ffe2370]
[    0.002006] No NUMA configuration found
[    0.002006] Faking a node at [mem 0x0000000000000000-0x000000017fffffff]
[    0.002010] NODE_DATA(0) allocated [mem 0x17ffd5000-0x17fffffff]
[    0.002121] crashkernel: memory value expected
[    0.002131] Zone ranges:
[    0.002131]   DMA      [mem 0x0000000000001000-0x0000000000ffffff]
[    0.002132]   DMA32    [mem 0x0000000001000000-0x00000000ffffffff]
[    0.002133]   Normal   [mem 0x0000000100000000-0x000000017fffffff]
[    0.002133]   Device   empty
[    0.002134] Movable zone start for each node
[    0.002135] Early memory node ranges
[    0.002135]   node   0: [mem 0x0000000000001000-0x000000000009efff]
[    0.002136]   node   0: [mem 0x0000000000100000-0x000000007ffdbfff]
[    0.002136]   node   0: [mem 0x0000000100000000-0x000000017fffffff]
[    0.002137] Initmem setup node 0 [mem 0x0000000000001000-0x000000017fffffff]
[    0.002142] On node 0, zone DMA: 1 pages in unavailable ranges
[    0.002158] On node 0, zone DMA: 97 pages in unavailable ranges
[    0.004653] On node 0, zone Normal: 36 pages in unavailable ranges
[    0.005160] ACPI: PM-Timer IO Port: 0x608
[    0.005165] ACPI: LAPIC_NMI (acpi_id[0xff] dfl dfl lint[0x1])
[    0.005182] IOAPIC[0]: apic_id 0, version 17, address 0xfec00000, GSI 0-23
[    0.005184] ACPI: INT_SRC_OVR (bus 0 bus_irq 0 global_irq 2 dfl dfl)
[    0.005185] ACPI: INT_SRC_OVR (bus 0 bus_irq 5 global_irq 5 high level)
[    0.005186] ACPI: INT_SRC_OVR (bus 0 bus_irq 9 global_irq 9 high level)
[    0.005186] ACPI: INT_SRC_OVR (bus 0 bus_irq 10 global_irq 10 high level)
[    0.005187] ACPI: INT_SRC_OVR (bus 0 bus_irq 11 global_irq 11 high level)
[    0.005189] ACPI: Using ACPI (MADT) for SMP configuration information
[    0.005190] TSC deadline timer available
[    0.005192] smpboot: Allowing 8 CPUs, 0 hotplug CPUs
[    0.005206] PM: hibernation: Registered nosave memory: [mem 0x00000000-0x00000fff]
[    0.005207] PM: hibernation: Registered nosave memory: [mem 0x0009f000-0x0009ffff]
[    0.005207] PM: hibernation: Registered nosave memory: [mem 0x000a0000-0x000effff]
[    0.005208] PM: hibernation: Registered nosave memory: [mem 0x000f0000-0x000fffff]
[    0.005208] PM: hibernation: Registered nosave memory: [mem 0x7ffdc000-0x7fffffff]
[    0.005209] PM: hibernation: Registered nosave memory: [mem 0x80000000-0xafffffff]
[    0.005209] PM: hibernation: Registered nosave memory: [mem 0xb0000000-0xbfffffff]
[    0.005209] PM: hibernation: Registered nosave memory: [mem 0xc0000000-0xfed1bfff]
[    0.005210] PM: hibernation: Registered nosave memory: [mem 0xfed1c000-0xfed1ffff]
[    0.005210] PM: hibernation: Registered nosave memory: [mem 0xfed20000-0xfeffbfff]
[    0.005210] PM: hibernation: Registered nosave memory: [mem 0xfeffc000-0xfeffffff]
[    0.005211] PM: hibernation: Registered nosave memory: [mem 0xff000000-0xfffbffff]
[    0.005211] PM: hibernation: Registered nosave memory: [mem 0xfffc0000-0xffffffff]
[    0.005212] [mem 0xc0000000-0xfed1bfff] available for PCI devices
[    0.005212] Booting paravirtualized kernel on KVM
[    0.005214] clocksource: refined-jiffies: mask: 0xffffffff max_cycles: 0xffffffff, max_idle_ns: 1910969940391419 ns
[    0.008027] setup_percpu: NR_CPUS:8192 nr_cpumask_bits:8 nr_cpu_ids:8 nr_node_ids:1
[    0.008300] percpu: Embedded 62 pages/cpu s217088 r8192 d28672 u262144
[    0.008325] kvm-guest: PV spinlocks enabled
[    0.008326] PV qspinlock hash table entries: 256 (order: 0, 4096 bytes, linear)
[    0.008330] Fallback order for Node 0: 0 
[    0.008332] Built 1 zonelists, mobility grouping on.  Total pages: 1031900
[    0.008333] Policy zone: Normal
[    0.008334] Kernel command line: BOOT_IMAGE=(hd0,msdos1)/boot/vmlinuz-upgrade.x86_64 root=UUID=f956f023-a2a0-4fd5-8e89-0b44b0848ab3 ro console=tty0 crashkernel=auto console=ttyS0 net.ifnames=0 enforcing=0 rd.plymouth=0 plymouth.enable=0
[    0.008398] Unknown kernel command line parameters "BOOT_IMAGE=(hd0,msdos1)/boot/vmlinuz-upgrade.x86_64", will be passed to user space.
[    0.008650] Dentry cache hash table entries: 524288 (order: 10, 4194304 bytes, linear)
[    0.008776] Inode-cache hash table entries: 262144 (order: 9, 2097152 bytes, linear)
[    0.008932] mem auto-init: stack:off, heap alloc:off, heap free:off
[    0.008935] software IO TLB: area num 8.
[    0.021679] Memory: 2032716K/4193768K available (16384K kernel code, 5596K rwdata, 11472K rodata, 3832K init, 6116K bss, 285896K reserved, 0K cma-reserved)
[    0.021683] random: get_random_u64 called from kmem_cache_open+0x1e/0x310 with crng_init=0
[    0.022379] SLUB: HWalign=64, Order=0-3, MinObjects=0, CPUs=8, Nodes=1
[    0.022403] ftrace: allocating 46264 entries in 181 pages
[    0.036365] ftrace: allocated 181 pages with 5 groups
[    0.036887] Dynamic Preempt: voluntary
[    0.036958] rcu: Preemptible hierarchical RCU implementation.
[    0.036959] rcu:     RCU restricting CPUs from NR_CPUS=8192 to nr_cpu_ids=8.
[    0.036960]  Trampoline variant of Tasks RCU enabled.
[    0.036960]  Rude variant of Tasks RCU enabled.
[    0.036960]  Tracing variant of Tasks RCU enabled.
[    0.036961] rcu: RCU calculated value of scheduler-enlistment delay is 100 jiffies.
[    0.036961] rcu: Adjusting geometry for rcu_fanout_leaf=16, nr_cpu_ids=8
[    0.039636] NR_IRQS: 524544, nr_irqs: 488, preallocated irqs: 16
[    0.039767] rcu: srcu_init: Setting srcu_struct sizes based on contention.
[    0.039816] kfence: initialized - using 2097152 bytes for 255 objects at 0x(____ptrval____)-0x(____ptrval____)
[    0.039836] random: crng init done
[    0.048382] Console: colour VGA+ 80x25
[    0.072477] printk: console [tty0] enabled
[    0.176570] printk: console [ttyS0] enabled
[    0.177231] ACPI: Core revision 20221020
[    0.177877] APIC: Switch to symmetric I/O mode setup
[    0.178770] x2apic enabled
[    0.179390] Switched APIC routing to physical x2apic.
[    0.180765] tsc: Marking TSC unstable due to TSCs unsynchronized
[    0.181743] Calibrating delay loop (skipped) preset value.. 6787.24 BogoMIPS (lpj=3393624)
[    0.182741] pid_max: default: 32768 minimum: 301
[    0.182741] LSM: initializing lsm=lockdown,capability,yama,integrity,selinux,bpf
[    0.182741] Yama: becoming mindful.
[    0.182741] SELinux:  Initializing.
[    0.182741] LSM support for eBPF active
[    0.182741] Mount-cache hash table entries: 8192 (order: 4, 65536 bytes, linear)
[    0.182741] Mountpoint-cache hash table entries: 8192 (order: 4, 65536 bytes, linear)
[    0.182741] x86/cpu: User Mode Instruction Prevention (UMIP) activated
[    0.182741] Last level iTLB entries: 4KB 512, 2MB 255, 4MB 127
[    0.182741] Last level dTLB entries: 4KB 512, 2MB 255, 4MB 127, 1GB 0
[    0.182741] Spectre V1 : Mitigation: usercopy/swapgs barriers and __user pointer sanitization
[    0.182741] Spectre V2 : Mitigation: Retpolines
[    0.182741] Spectre V2 : Spectre v2 / SpectreRSB mitigation: Filling RSB on context switch
[    0.182741] Spectre V2 : Spectre v2 / SpectreRSB : Filling RSB on VMEXIT
[    0.182741] Spectre V2 : Enabling Restricted Speculation for firmware calls
[    0.182741] Spectre V2 : mitigation: Enabling conditional Indirect Branch Prediction Barrier
[    0.182741] Speculative Store Bypass: Mitigation: Speculative Store Bypass disabled via prctl
[    0.182741] Speculative Return Stack Overflow: IBPB-extending microcode not applied!
[    0.182741] Speculative Return Stack Overflow: WARNING: See https://kernel.org/doc/html/latest/admin-guide/hw-vuln/srso.html for mitigation options.
[    0.182741] Speculative Return Stack Overflow: Vulnerable: Safe RET, no microcode
[    0.182741] Freeing SMP alternatives memory: 36K
[    0.182741] smpboot: CPU0: AMD EPYC-Milan Processor (family: 0x19, model: 0x1, stepping: 0x1)
[    0.183132] cblist_init_generic: Setting adjustable number of callback queues.
[    0.183744] cblist_init_generic: Setting shift to 3 and lim to 1.
[    0.184749] cblist_init_generic: Setting shift to 3 and lim to 1.
[    0.185756] cblist_init_generic: Setting shift to 3 and lim to 1.
[    0.186758] Performance Events: Fam17h+ core perfctr, AMD PMU driver.
[    0.187745] ... version:                0
[    0.188424] ... bit width:              48
[    0.188893] ... generic registers:      6
[    0.189579] ... value mask:             0000ffffffffffff
[    0.189927] ... max period:             00007fffffffffff
[    0.190744] ... fixed-purpose events:   0
[    0.191421] ... event mask:             000000000000003f
[    0.192013] printk: console [ttyS0] printing thread started
[    0.192018] rcu: Hierarchical SRCU implementation.
[    0.192018] rcu:     Max phase no-delay instances is 400.
[    0.192027] printk: console [tty0] printing thread started
[    0.196580] smp: Bringing up secondary CPUs ...
[    0.196672] x86: Booting SMP configuration:
[    0.196672] .... node  #0, CPUs:      #1 #2 #3 #4 #5 #6 #7
[    0.200795] smp: Brought up 1 node, 8 CPUs
[    0.200796] smpboot: Max logical packages: 8
[    0.200797] smpboot: Total of 8 processors activated (54297.98 BogoMIPS)
[    0.206434] node 0 deferred pages initialised in 5ms
[    0.207516] devtmpfs: initialized
[    0.207516] x86/mm: Memory block size: 128MB
[    0.208100] clocksource: jiffies: mask: 0xffffffff max_cycles: 0xffffffff, max_idle_ns: 1911260446275000 ns
[    0.208100] futex hash table entries: 2048 (order: 5, 131072 bytes, linear)
[    0.208100] pinctrl core: initialized pinctrl subsystem
[    0.212596] NET: Registered PF_NETLINK/PF_ROUTE protocol family
[    0.212730] DMA: preallocated 512 KiB GFP_KERNEL pool for atomic allocations
[    0.212734] DMA: preallocated 512 KiB GFP_KERNEL|GFP_DMA pool for atomic allocations
[    0.212738] DMA: preallocated 512 KiB GFP_KERNEL|GFP_DMA32 pool for atomic allocations
[    0.212752] audit: initializing netlink subsys (disabled)
[    0.212940] audit: type=2000 audit(1719380276.145:1): state=initialized audit_enabled=0 res=1
[    0.212940] thermal_sys: Registered thermal governor 'fair_share'
[    0.212940] thermal_sys: Registered thermal governor 'step_wise'
[    0.212940] thermal_sys: Registered thermal governor 'user_space'
[    0.212940] cpuidle: using governor menu
[    0.219114] acpiphp: ACPI Hot Plug PCI Controller Driver version: 0.5
[    0.219242] PCI: MMCONFIG for domain 0000 [bus 00-ff] at [mem 0xb0000000-0xbfffffff] (base 0xb0000000)
[    0.219245] PCI: MMCONFIG at [mem 0xb0000000-0xbfffffff] reserved as E820 entry
[    0.219253] PCI: Using configuration type 1 for base access
[    0.221027] kprobes: kprobe jump-optimization is enabled. All kprobes are optimized if possible.
[    0.223796] HugeTLB: registered 1.00 GiB page size, pre-allocated 0 pages
[    0.223796] HugeTLB: 16380 KiB vmemmap can be freed for a 1.00 GiB page
[    0.223796] HugeTLB: registered 2.00 MiB page size, pre-allocated 0 pages
[    0.223796] HugeTLB: 28 KiB vmemmap can be freed for a 2.00 MiB page
[    0.224822] cryptd: max_cpu_qlen set to 1000
[    0.227185] ACPI: Added _OSI(Module Device)
[    0.227186] ACPI: Added _OSI(Processor Device)
[    0.227186] ACPI: Added _OSI(3.0 _SCP Extensions)
[    0.227187] ACPI: Added _OSI(Processor Aggregator Device)
[    0.227188] ACPI: Added _OSI(Linux-Dell-Video)
[    0.227189] ACPI: Added _OSI(Linux-Lenovo-NV-HDMI-Audio)
[    0.227189] ACPI: Added _OSI(Linux-HPI-Hybrid-Graphics)
[    0.228372] ACPI: 1 ACPI AML tables successfully acquired and loaded
[    0.229067] ACPI: Interpreter enabled
[    0.229073] ACPI: PM: (supports S0 S5)
[    0.229074] ACPI: Using IOAPIC for interrupt routing
[    0.229216] PCI: Using host bridge windows from ACPI; if necessary, use "pci=nocrs" and report a bug
[    0.229217] PCI: Using E820 reservations for host bridge windows
[    0.229330] ACPI: Enabled 2 GPEs in block 00 to 3F
[    0.231652] ACPI: PCI Root Bridge [PCI0] (domain 0000 [bus 00-ff])
[    0.231657] acpi PNP0A08:00: _OSC: OS supports [ExtendedConfig ASPM ClockPM Segments MSI EDR HPX-Type3]
[    0.231695] acpi PNP0A08:00: _OSC: platform does not support [PCIeHotplug LTR DPC]
[    0.231761] acpi PNP0A08:00: _OSC: OS now controls [SHPCHotplug PME AER PCIeCapability]
[    0.232005] PCI host bridge to bus 0000:00
[    0.232006] pci_bus 0000:00: root bus resource [io  0x0000-0x0cf7 window]
[    0.232008] pci_bus 0000:00: root bus resource [io  0x0d00-0xffff window]
[    0.232009] pci_bus 0000:00: root bus resource [mem 0x000a0000-0x000bffff window]
[    0.232010] pci_bus 0000:00: root bus resource [mem 0x80000000-0xafffffff window]
[    0.232011] pci_bus 0000:00: root bus resource [mem 0xc0000000-0xfebfffff window]
[    0.232012] pci_bus 0000:00: root bus resource [mem 0x380000000000-0x3827ffffffff window]
[    0.232013] pci_bus 0000:00: root bus resource [bus 00-ff]
[    0.232078] pci 0000:00:00.0: [8086:29c0] type 00 class 0x060000
[    0.232729] pci 0000:00:01.0: [1013:00b8] type 00 class 0x030000
[    0.233745] pci 0000:00:01.0: reg 0x10: [mem 0xfc000000-0xfdffffff pref]
[    0.234745] pci 0000:00:01.0: reg 0x14: [mem 0xfea10000-0xfea10fff]
[    0.239745] pci 0000:00:01.0: reg 0x30: [mem 0xfea00000-0xfea0ffff pref]
[    0.239791] pci 0000:00:01.0: Video device with shadowed ROM at [mem 0x000c0000-0x000dffff]
[    0.240064] pci 0000:00:02.0: [1b36:000c] type 01 class 0x060400
[    0.241214] pci 0000:00:02.0: reg 0x10: [mem 0xfea11000-0xfea11fff]
[    0.245298] pci 0000:00:02.1: [1b36:000c] type 01 class 0x060400
[    0.245995] pci 0000:00:02.1: reg 0x10: [mem 0xfea12000-0xfea12fff]
[    0.248354] pci 0000:00:02.2: [1b36:000c] type 01 class 0x060400
[    0.249028] pci 0000:00:02.2: reg 0x10: [mem 0xfea13000-0xfea13fff]
[    0.251480] pci 0000:00:02.3: [1b36:000c] type 01 class 0x060400
[    0.252745] pci 0000:00:02.3: reg 0x10: [mem 0xfea14000-0xfea14fff]
[    0.256993] pci 0000:00:02.4: [1b36:000c] type 01 class 0x060400
[    0.257744] pci 0000:00:02.4: reg 0x10: [mem 0xfea15000-0xfea15fff]
[    0.260279] pci 0000:00:1f.0: [8086:2918] type 00 class 0x060100
[    0.260867] pci 0000:00:1f.0: quirk: [io  0x0600-0x067f] claimed by ICH6 ACPI/GPIO/TCO
[    0.261225] pci 0000:00:1f.2: [8086:2922] type 00 class 0x010601
[    0.263745] pci 0000:00:1f.2: reg 0x20: [io  0xc040-0xc05f]
[    0.265745] pci 0000:00:1f.2: reg 0x24: [mem 0xfea16000-0xfea16fff]
[    0.266729] pci 0000:00:1f.3: [8086:2930] type 00 class 0x0c0500
[    0.268093] pci 0000:00:1f.3: reg 0x20: [io  0x0700-0x073f]
[    0.269156] acpiphp: Slot [0] registered
[    0.269377] pci 0000:01:00.0: [1af4:1041] type 00 class 0x020000
[    0.270202] pci 0000:01:00.0: reg 0x14: [mem 0xfe840000-0xfe840fff]
[    0.271509] pci 0000:01:00.0: reg 0x20: [mem 0x382000000000-0x382000003fff 64bit pref]
[    0.272179] pci 0000:01:00.0: reg 0x30: [mem 0xfe800000-0xfe83ffff pref]
[    0.274098] pci 0000:00:02.0: PCI bridge to [bus 01]
[    0.274133] pci 0000:00:02.0:   bridge window [mem 0xfe800000-0xfe9fffff]
[    0.274172] pci 0000:00:02.0:   bridge window [mem 0x382000000000-0x3827ffffffff 64bit pref]
[    0.274919] acpiphp: Slot [0-2] registered
[    0.276516] pci 0000:02:00.0: [1b36:000d] type 00 class 0x0c0330
[    0.277013] pci 0000:02:00.0: reg 0x10: [mem 0xfe600000-0xfe603fff 64bit]
[    0.279774] pci 0000:00:02.1: PCI bridge to [bus 02]
[    0.279814] pci 0000:00:02.1:   bridge window [mem 0xfe600000-0xfe7fffff]
[    0.279855] pci 0000:00:02.1:   bridge window [mem 0x381800000000-0x381fffffffff 64bit pref]
[    0.280323] acpiphp: Slot [0-3] registered
[    0.280494] pci 0000:03:00.0: [1af4:1043] type 00 class 0x078000
[    0.281467] pci 0000:03:00.0: reg 0x14: [mem 0xfe400000-0xfe400fff]
[    0.282723] pci 0000:03:00.0: reg 0x20: [mem 0x381000000000-0x381000003fff 64bit pref]
[    0.284939] pci 0000:00:02.2: PCI bridge to [bus 03]
[    0.284981] pci 0000:00:02.2:   bridge window [mem 0xfe400000-0xfe5fffff]
[    0.285023] pci 0000:00:02.2:   bridge window [mem 0x381000000000-0x3817ffffffff 64bit pref]
[    0.285502] acpiphp: Slot [0-4] registered
[    0.285693] pci 0000:04:00.0: [1af4:1042] type 00 class 0x010000
[    0.288644] pci 0000:04:00.0: reg 0x14: [mem 0xfe200000-0xfe200fff]
[    0.290449] pci 0000:04:00.0: reg 0x20: [mem 0x380800000000-0x380800003fff 64bit pref]
[    0.293076] pci 0000:00:02.3: PCI bridge to [bus 04]
[    0.293123] pci 0000:00:02.3:   bridge window [mem 0xfe200000-0xfe3fffff]
[    0.293170] pci 0000:00:02.3:   bridge window [mem 0x380800000000-0x380fffffffff 64bit pref]
[    0.293666] acpiphp: Slot [0-5] registered
[    0.293863] pci 0000:05:00.0: [1af4:1045] type 00 class 0x00ff00
[    0.295294] pci 0000:05:00.0: reg 0x20: [mem 0x380000000000-0x380000003fff 64bit pref]
[    0.298984] pci 0000:00:02.4: PCI bridge to [bus 05]
[    0.299041] pci 0000:00:02.4:   bridge window [mem 0xfe000000-0xfe1fffff]
[    0.299101] pci 0000:00:02.4:   bridge window [mem 0x380000000000-0x3807ffffffff 64bit pref]
[    0.300788] ACPI: PCI: Interrupt link LNKA configured for IRQ 10
[    0.300891] ACPI: PCI: Interrupt link LNKB configured for IRQ 10
[    0.300970] ACPI: PCI: Interrupt link LNKC configured for IRQ 11
[    0.301067] ACPI: PCI: Interrupt link LNKD configured for IRQ 11
[    0.301154] ACPI: PCI: Interrupt link LNKE configured for IRQ 10
[    0.301237] ACPI: PCI: Interrupt link LNKF configured for IRQ 10
[    0.301337] ACPI: PCI: Interrupt link LNKG configured for IRQ 11
[    0.301416] ACPI: PCI: Interrupt link LNKH configured for IRQ 11
[    0.301451] ACPI: PCI: Interrupt link GSIA configured for IRQ 16
[    0.301458] ACPI: PCI: Interrupt link GSIB configured for IRQ 17
[    0.301465] ACPI: PCI: Interrupt link GSIC configured for IRQ 18
[    0.301472] ACPI: PCI: Interrupt link GSID configured for IRQ 19
[    0.301479] ACPI: PCI: Interrupt link GSIE configured for IRQ 20
[    0.301486] ACPI: PCI: Interrupt link GSIF configured for IRQ 21
[    0.301492] ACPI: PCI: Interrupt link GSIG configured for IRQ 22
[    0.301499] ACPI: PCI: Interrupt link GSIH configured for IRQ 23
[    0.301909] iommu: Default domain type: Translated 
[    0.301909] iommu: DMA domain TLB invalidation policy: lazy mode 
[    0.301909] SCSI subsystem initialized
[    0.301909] ACPI: bus type USB registered
[    0.301909] usbcore: registered new interface driver usbfs
[    0.301909] usbcore: registered new interface driver hub
[    0.301909] usbcore: registered new device driver usb
[    0.301909] pps_core: LinuxPPS API ver. 1 registered
[    0.301909] pps_core: Software ver. 5.3.6 - Copyright 2005-2007 Rodolfo Giometti <giometti@linux.it>
[    0.301909] PTP clock support registered
[    0.301912] EDAC MC: Ver: 3.0.0
[    0.302946] NetLabel: Initializing
[    0.302947] NetLabel:  domain hash size = 128
[    0.302947] NetLabel:  protocols = UNLABELED CIPSOv4 CALIPSO
[    0.302962] NetLabel:  unlabeled traffic allowed by default
[    0.302963] PCI: Using ACPI for IRQ routing
[    0.386573] pci 0000:00:01.0: vgaarb: setting as boot VGA device
[    0.386573] pci 0000:00:01.0: vgaarb: bridge control possible
[    0.386573] pci 0000:00:01.0: vgaarb: VGA device added: decodes=io+mem,owns=io+mem,locks=none
[    0.386573] vgaarb: loaded
[    0.387021] clocksource: Switched to clocksource kvm-clock
[    0.399237] VFS: Disk quotas dquot_6.6.0
[    0.399246] VFS: Dquot-cache hash table entries: 512 (order 0, 4096 bytes)
[    0.399290] pnp: PnP ACPI init
[    0.399415] system 00:04: [mem 0xb0000000-0xbfffffff window] has been reserved
[    0.399556] pnp: PnP ACPI: found 5 devices
[    0.405824] clocksource: acpi_pm: mask: 0xffffff max_cycles: 0xffffff, max_idle_ns: 2085701024 ns
[    0.405869] NET: Registered PF_INET protocol family
[    0.405919] IP idents hash table entries: 65536 (order: 7, 524288 bytes, linear)
[    0.406210] tcp_listen_portaddr_hash hash table entries: 2048 (order: 3, 32768 bytes, linear)
[    0.406214] Table-perturb hash table entries: 65536 (order: 6, 262144 bytes, linear)
[    0.406218] TCP established hash table entries: 32768 (order: 6, 262144 bytes, linear)
[    0.406238] TCP bind hash table entries: 32768 (order: 7, 524288 bytes, linear)
[    0.406278] TCP: Hash tables configured (established 32768 bind 32768)
[    0.406336] MPTCP token hash table entries: 4096 (order: 4, 98304 bytes, linear)
[    0.406344] UDP hash table entries: 2048 (order: 4, 65536 bytes, linear)
[    0.406350] UDP-Lite hash table entries: 2048 (order: 4, 65536 bytes, linear)
[    0.406383] NET: Registered PF_UNIX/PF_LOCAL protocol family
[    0.406387] NET: Registered PF_XDP protocol family
[    0.406391] pci 0000:00:02.0: bridge window [io  0x1000-0x0fff] to [bus 01] add_size 1000
[    0.406393] pci 0000:00:02.1: bridge window [io  0x1000-0x0fff] to [bus 02] add_size 1000
[    0.406395] pci 0000:00:02.2: bridge window [io  0x1000-0x0fff] to [bus 03] add_size 1000
[    0.406396] pci 0000:00:02.3: bridge window [io  0x1000-0x0fff] to [bus 04] add_size 1000
[    0.406397] pci 0000:00:02.4: bridge window [io  0x1000-0x0fff] to [bus 05] add_size 1000
[    0.406401] pci 0000:00:02.0: BAR 13: assigned [io  0x1000-0x1fff]
[    0.406403] pci 0000:00:02.1: BAR 13: assigned [io  0x2000-0x2fff]
[    0.406404] pci 0000:00:02.2: BAR 13: assigned [io  0x3000-0x3fff]
[    0.406406] pci 0000:00:02.3: BAR 13: assigned [io  0x4000-0x4fff]
[    0.406407] pci 0000:00:02.4: BAR 13: assigned [io  0x5000-0x5fff]
[    0.406409] pci 0000:00:02.0: PCI bridge to [bus 01]
[    0.406418] pci 0000:00:02.0:   bridge window [io  0x1000-0x1fff]
[    0.407232] pci 0000:00:02.0:   bridge window [mem 0xfe800000-0xfe9fffff]
[    0.407670] pci 0000:00:02.0:   bridge window [mem 0x382000000000-0x3827ffffffff 64bit pref]
[    0.408557] pci 0000:00:02.1: PCI bridge to [bus 02]
[    0.408585] pci 0000:00:02.1:   bridge window [io  0x2000-0x2fff]
[    0.409287] pci 0000:00:02.1:   bridge window [mem 0xfe600000-0xfe7fffff]
[    0.409727] pci 0000:00:02.1:   bridge window [mem 0x381800000000-0x381fffffffff 64bit pref]
[    0.410603] pci 0000:00:02.2: PCI bridge to [bus 03]
[    0.410610] pci 0000:00:02.2:   bridge window [io  0x3000-0x3fff]
[    0.411307] pci 0000:00:02.2:   bridge window [mem 0xfe400000-0xfe5fffff]
[    0.411733] pci 0000:00:02.2:   bridge window [mem 0x381000000000-0x3817ffffffff 64bit pref]
[    0.412631] pci 0000:00:02.3: PCI bridge to [bus 04]
[    0.412647] pci 0000:00:02.3:   bridge window [io  0x4000-0x4fff]
[    0.413351] pci 0000:00:02.3:   bridge window [mem 0xfe200000-0xfe3fffff]
[    0.413931] pci 0000:00:02.3:   bridge window [mem 0x380800000000-0x380fffffffff 64bit pref]
[    0.414955] pci 0000:00:02.4: PCI bridge to [bus 05]
[    0.414972] pci 0000:00:02.4:   bridge window [io  0x5000-0x5fff]
[    0.415641] pci 0000:00:02.4:   bridge window [mem 0xfe000000-0xfe1fffff]
[    0.416095] pci 0000:00:02.4:   bridge window [mem 0x380000000000-0x3807ffffffff 64bit pref]
[    0.416966] pci_bus 0000:00: resource 4 [io  0x0000-0x0cf7 window]
[    0.416968] pci_bus 0000:00: resource 5 [io  0x0d00-0xffff window]
[    0.416969] pci_bus 0000:00: resource 6 [mem 0x000a0000-0x000bffff window]
[    0.416970] pci_bus 0000:00: resource 7 [mem 0x80000000-0xafffffff window]
[    0.416971] pci_bus 0000:00: resource 8 [mem 0xc0000000-0xfebfffff window]
[    0.416971] pci_bus 0000:00: resource 9 [mem 0x380000000000-0x3827ffffffff window]
[    0.416973] pci_bus 0000:01: resource 0 [io  0x1000-0x1fff]
[    0.416973] pci_bus 0000:01: resource 1 [mem 0xfe800000-0xfe9fffff]
[    0.416974] pci_bus 0000:01: resource 2 [mem 0x382000000000-0x3827ffffffff 64bit pref]
[    0.416976] pci_bus 0000:02: resource 0 [io  0x2000-0x2fff]
[    0.416976] pci_bus 0000:02: resource 1 [mem 0xfe600000-0xfe7fffff]
[    0.416977] pci_bus 0000:02: resource 2 [mem 0x381800000000-0x381fffffffff 64bit pref]
[    0.416978] pci_bus 0000:03: resource 0 [io  0x3000-0x3fff]
[    0.416979] pci_bus 0000:03: resource 1 [mem 0xfe400000-0xfe5fffff]
[    0.416980] pci_bus 0000:03: resource 2 [mem 0x381000000000-0x3817ffffffff 64bit pref]
[    0.416981] pci_bus 0000:04: resource 0 [io  0x4000-0x4fff]
[    0.416982] pci_bus 0000:04: resource 1 [mem 0xfe200000-0xfe3fffff]
[    0.416982] pci_bus 0000:04: resource 2 [mem 0x380800000000-0x380fffffffff 64bit pref]
[    0.416983] pci_bus 0000:05: resource 0 [io  0x5000-0x5fff]
[    0.416984] pci_bus 0000:05: resource 1 [mem 0xfe000000-0xfe1fffff]
[    0.416985] pci_bus 0000:05: resource 2 [mem 0x380000000000-0x3807ffffffff 64bit pref]
[    0.419196] ACPI: \_SB_.GSIG: Enabled at IRQ 22
[    0.420350] PCI: CLS 0 bytes, default 64
[    0.420357] PCI-DMA: Using software bounce buffering for IO (SWIOTLB)
[    0.420357] software IO TLB: mapped [mem 0x000000007bfdc000-0x000000007ffdc000] (64MB)
[    0.420362] ACPI: bus type thunderbolt registered
[    0.420423] Trying to unpack rootfs image as initramfs...
[    0.435981] Initialise system trusted keyrings
[    0.435990] Key type blacklist registered
[    0.436218] workingset: timestamp_bits=36 max_order=20 bucket_order=0
[    0.438071] zbud: loaded
[    0.447601] integrity: Platform Keyring initialized
[    0.447603] integrity: Machine keyring initialized
[    0.450183] NET: Registered PF_ALG protocol family
[    0.450185] xor: automatically using best checksumming function   avx       
[    0.450186] Key type asymmetric registered
[    0.450186] Asymmetric key parser 'x509' registered
[    0.450187] Running certificate verification selftests
[    0.491864] Loaded X.509 cert 'Certificate verification self-testing key: f58703bb33ce1b73ee02eccdee5b8817518fe3db'
[    0.492251] Block layer SCSI generic (bsg) driver version 0.4 loaded (major 246)
[    0.492790] io scheduler mq-deadline registered
[    0.492793] io scheduler kyber registered
[    0.492847] io scheduler bfq registered
[    0.500443] atomic64_test: passed for x86-64 platform with CX8 and with SSE
[    0.502395] pcieport 0000:00:02.0: PME: Signaling with IRQ 24
[    0.502604] pcieport 0000:00:02.0: AER: enabled with IRQ 24
[    0.503874] pcieport 0000:00:02.1: PME: Signaling with IRQ 25
[    0.504089] pcieport 0000:00:02.1: AER: enabled with IRQ 25
[    0.505983] pcieport 0000:00:02.2: PME: Signaling with IRQ 26
[    0.506312] pcieport 0000:00:02.2: AER: enabled with IRQ 26
[    0.508229] pcieport 0000:00:02.3: PME: Signaling with IRQ 27
[    0.508439] pcieport 0000:00:02.3: AER: enabled with IRQ 27
[    0.510500] pcieport 0000:00:02.4: PME: Signaling with IRQ 28
[    0.510697] pcieport 0000:00:02.4: AER: enabled with IRQ 28
[    0.511250] shpchp: Standard Hot Plug PCI Controller Driver version: 0.4
[    0.511336] input: Power Button as /devices/LNXSYSTM:00/LNXPWRBN:00/input/input0
[    0.511387] ACPI: button: Power Button [PWRF]
[    0.517584] Serial: 8250/16550 driver, 4 ports, IRQ sharing enabled
[    0.517851] 00:00: ttyS0 at I/O 0x3f8 (irq = 4, base_baud = 115200) is a 16550A
[    0.519280] Non-volatile memory driver v1.3
[    0.520085] rdac: device handler registered
[    0.520126] hp_sw: device handler registered
[    0.520127] emc: device handler registered
[    0.520167] alua: device handler registered
[    0.520260] libphy: Fixed MDIO Bus: probed
[    0.520799] xhci_hcd 0000:02:00.0: xHCI Host Controller
[    0.520840] xhci_hcd 0000:02:00.0: new USB bus registered, assigned bus number 1
[    0.521295] xhci_hcd 0000:02:00.0: hcc params 0x00087001 hci version 0x100 quirks 0x0000000000000010
[    0.523073] xhci_hcd 0000:02:00.0: xHCI Host Controller
[    0.523112] xhci_hcd 0000:02:00.0: new USB bus registered, assigned bus number 2
[    0.523114] xhci_hcd 0000:02:00.0: Host supports USB 3.0 SuperSpeed
[    0.523198] usb usb1: New USB device found, idVendor=1d6b, idProduct=0002, bcdDevice= 5.14
[    0.523200] usb usb1: New USB device strings: Mfr=3, Product=2, SerialNumber=1
[    0.523201] usb usb1: Product: xHCI Host Controller
[    0.523202] usb usb1: Manufacturer: Linux 5.14.0-362.24.2.el9_3.x86_64 xhci-hcd
[    0.523203] usb usb1: SerialNumber: 0000:02:00.0
[    0.523294] hub 1-0:1.0: USB hub found
[    0.523334] hub 1-0:1.0: 4 ports detected
[    0.523600] usb usb2: We don't know the algorithms for LPM for this host, disabling LPM.
[    0.523617] usb usb2: New USB device found, idVendor=1d6b, idProduct=0003, bcdDevice= 5.14
[    0.523619] usb usb2: New USB device strings: Mfr=3, Product=2, SerialNumber=1
[    0.523620] usb usb2: Product: xHCI Host Controller
[    0.523621] usb usb2: Manufacturer: Linux 5.14.0-362.24.2.el9_3.x86_64 xhci-hcd
[    0.523621] usb usb2: SerialNumber: 0000:02:00.0
[    0.523698] hub 2-0:1.0: USB hub found
[    0.523732] hub 2-0:1.0: 4 ports detected
[    0.524016] usbcore: registered new interface driver usbserial_generic
[    0.524020] usbserial: USB Serial support registered for generic
[    0.524055] i8042: PNP: PS/2 Controller [PNP0303:KBD,PNP0f13:MOU] at 0x60,0x64 irq 1,12
[    0.524968] serio: i8042 KBD port at 0x60,0x64 irq 1
[    0.524972] serio: i8042 AUX port at 0x60,0x64 irq 12
[    0.525067] mousedev: PS/2 mouse device common for all mice
[    0.525151] rtc_cmos 00:03: RTC can wake from S4
[    0.526056] input: AT Translated Set 2 keyboard as /devices/platform/i8042/serio0/input/input1
[    0.526219] rtc_cmos 00:03: registered as rtc0
[    0.526481] rtc_cmos 00:03: setting system clock to 2024-06-26T05:38:15 UTC (1719380295)
[    0.526587] rtc_cmos 00:03: alarms up to one day, y3k, 242 bytes nvram
[    0.526614] amd_pstate: driver load is disabled, boot with specific mode to enable this
[    0.528042] hid: raw HID events driver (C) Jiri Kosina
[    0.528311] usbcore: registered new interface driver usbhid
[    0.528312] usbhid: USB HID core driver
[    0.528330] drop_monitor: Initializing network drop monitor service
[    0.538482] Initializing XFRM netlink socket
[    0.538589] NET: Registered PF_INET6 protocol family
[    0.752952] Freeing initrd memory: 93728K
[    0.757969] Segment Routing with IPv6
[    0.757998] NET: Registered PF_PACKET protocol family
[    0.758048] mpls_gso: MPLS GSO support
[    0.758586] IPI shorthand broadcast: enabled
[    0.758594] AVX2 version of gcm_enc/dec engaged.
[    0.758696] AES CTR mode by8 optimization enabled
[    0.760238] sched_clock: Marking stable (618253330, 141969142)->(810719929, -50497457)
[    0.760963] registered taskstats version 1
[    0.765108] Loading compiled-in X.509 certificates
[    0.765564] Loaded X.509 cert 'AlmaLinux kernel signing key: a0606c7e2cb5729a6204ac5ef2e2fbb493426e94'
[    0.765577] Loaded X.509 cert 'AlmaLinux Driver update signing key: 7b863e0240ed208ab6b81b8a6f2860c0f4e8c7d6'
[    0.765587] Loaded X.509 cert 'AlmaLinux kpatch signing key: 69a6d9eed3f620d5c2e13a1d211c46510a5ad9f5'
[    0.765701] Loaded X.509 cert 'AlmaLinux IMA CA: e1652c7fe0ecd501d48e5cff2bddd146e2285b8b'
[    0.765915] zswap: loaded using pool lzo/zbud
[    0.768010] page_owner is disabled
[    0.768019] Key type big_key registered
[    0.775948] Key type encrypted registered
[    0.775954] ima: No TPM chip found, activating TPM-bypass!
[    0.775957] Loading compiled-in module X.509 certificates
[    0.776137] Loaded X.509 cert 'AlmaLinux kernel signing key: a0606c7e2cb5729a6204ac5ef2e2fbb493426e94'
[    0.776140] ima: Allocated hash algorithm: sha256
[    0.776146] ima: No architecture policies found
[    0.776159] evm: Initialising EVM extended attributes:
[    0.776160] evm: security.selinux
[    0.776160] evm: security.SMACK64 (disabled)
[    0.776161] evm: security.SMACK64EXEC (disabled)
[    0.776161] evm: security.SMACK64TRANSMUTE (disabled)
[    0.776162] evm: security.SMACK64MMAP (disabled)
[    0.776162] evm: security.apparmor (disabled)
[    0.776162] evm: security.ima
[    0.776163] evm: security.capability
[    0.776163] evm: HMAC attrs: 0x1
[    0.990223] Freeing unused decrypted memory: 2028K
[    0.990787] Freeing unused kernel image (initmem) memory: 3832K
[    1.004751] Write protecting the kernel read-only data: 28672k
[    1.005112] Freeing unused kernel image (rodata/data gap) memory: 816K
[    1.041205] x86/mm: Checked W+X mappings: passed, no W+X pages found.
[    1.041209] Run /init as init process

Welcome to AlmaLinux 9.3 (Shamrock Pampas Cat) dracut-057-44.git20230822.el9 (Initramfs)!

[    1.046199] systemd[1]: systemd 252-18.el9 running in system mode (+PAM +AUDIT +SELINUX -APPARMOR +IMA +SMACK +SECCOMP +GCRYPT +GNUTLS +OPENSSL +ACL +BLKID +CURL +ELFUTILS -FIDO2 +IDN2 -IDN -IPTC +KMOD +LIBCRYPTSETUP +LIBFDISK +PCRE2 -PWQUALITY +P11KIT -QRENCODE +TPM2 +BZIP2 +LZ4 +XZ +ZLIB +ZSTD -BPF_FRAMEWORK +XKBCOMMON +UTMP +SYSVINIT default-hierarchy=unified)
[    1.046248] systemd[1]: Detected virtualization kvm.
[    1.046250] systemd[1]: Detected architecture x86-64.
[    1.046251] systemd[1]: Running in initrd.
[    1.047513] systemd[1]: No hostname configured, using default hostname.
[    1.047554] systemd[1]: Hostname set to <localhost>.
[    1.047606] systemd[1]: Initializing machine ID from VM UUID.
[    1.078116] systemd[1]: OnFailureIsolate is deprecated. Please use OnFailureJobMode= instead
[  OK  ] Reached target Slice Units.
[    1.088149] systemd[1]: Queued start job for default target System Upgrade.
[  OK  ] Reached target Swaps.
[  OK  ] Reached target Timer Units.
[    1.088235] systemd[1]: Reached target Slice Units.
[  OK  ] Listening on D-Bus System Message Bus Socket.
[    1.088948] systemd[1]: Reached target Swaps.
[    1.090363] systemd[1]: Reached target Timer Units.
[    1.091065] systemd[1]: Listening on D-Bus System Message Bus Socket.
[    1.092363] systemd[1]: Listening on Open-iSCSI iscsid Socket.
[  OK  ] Listening on Open-iSCSI iscsid Socket.
[  OK  ] Listening on Open-iSCSI iscsiuio Socket.
[    1.095379] systemd[1]: Listening on Open-iSCSI iscsiuio Socket.
[  OK  ] Listening on Journal Socket (/dev/log).
[    1.096219] systemd[1]: Listening on Journal Socket (/dev/log).
[    1.097777] systemd[1]: Listening on Journal Socket.
[  OK  ] Listening on Journal Socket.
[  OK  ] Listening on udev Control Socket.
[    1.099605] systemd[1]: Listening on udev Control Socket.
[  OK  ] Listening on udev Kernel Socket.
[  OK  ] Reached target Socket Units.
[    1.100366] systemd[1]: Listening on udev Kernel Socket.
[    1.101668] systemd[1]: Reached target Socket Units.
         Starting Create List of Static Device Nodes...
[    1.104170] systemd[1]: Starting Create List of Static Device Nodes...
         Starting Journal Service...
[    1.106208] systemd[1]: Starting Journal Service...
[    1.106847] systemd[1]: Load Kernel Modules was skipped because no trigger condition checks were met.
[    1.107350] systemd[1]: Starting Apply Kernel Variables...
         Starting Apply Kernel Variables...
         Starting Create System Users...
[    1.109950] systemd[1]: Starting Create System Users...
         Starting Setup Virtual Console...
[    1.111115] systemd[1]: Starting Setup Virtual Console...
[  OK  ] Finished Create List of Static Device Nodes.
[    1.112775] systemd[1]: Finished Create List of Static Device Nodes.
[  OK  ] Finished Apply Kernel Variables.
[  OK  ] Finished Create System Users.
[    1.113767] systemd[1]: Finished Apply Kernel Variables.
[  OK  ] Started Journal Service.
[    1.118166] systemd[1]: Finished Create System Users.
[  OK  ] Finished Setup Virtual Console.
[    1.137453] systemd[1]: Started Journal Service.
         Starting dracut cmdline hook...
         Starting Create Static Device Nodes in /dev...
         Starting Create Volatile Files and Directories...
[  OK  ] Finished Create Static Device Nodes in /dev.
[  OK  ] Finished Create Volatile Files and Directories.
[    1.208951] Loading iSCSI transport class v2.0-870.
[    1.215907] iscsi: registered transport (tcp)
[    1.231999] iscsi: registered transport (qla4xxx)
[    1.232015] QLogic iSCSI HBA Driver
[    1.237357] libcxgbi:libcxgbi_init_module: Chelsio iSCSI driver library libcxgbi v0.9.1-ko (Apr. 2015)
[    1.272303] Chelsio T4-T6 iSCSI Driver cxgb4i v0.9.5-ko (Apr. 2015)
[    1.272315] iscsi: registered transport (cxgb4i)
[    1.279214] cnic: QLogic cnicDriver v2.5.22 (July 20, 2015)
[    1.283246] QLogic NetXtreme II iSCSI Driver bnx2i v2.7.10.1 (Jul 16, 2014)
[    1.283258] iscsi: registered transport (bnx2i)
[    1.290907] iscsi: registered transport (be2iscsi)
[    1.290908] In beiscsi_module_init, tt=000000001d461045
[  OK  ] Finished dracut cmdline hook.
         Starting dracut pre-udev hook...
[    1.326049] device-mapper: core: CONFIG_IMA_DISABLE_HTABLE is disabled. Duplicate IMA measurements will not be recorded in the IMA log.
[    1.326065] device-mapper: uevent: version 1.0.3
[    1.326130] device-mapper: ioctl: 4.48.0-ioctl (2023-03-01) initialised: dm-devel@redhat.com
[    1.374099] RPC: Registered named UNIX socket transport module.
[    1.374100] RPC: Registered udp transport module.
[    1.374101] RPC: Registered tcp transport module.
[    1.374101] RPC: Registered tcp NFSv4.1 backchannel transport module.
[    1.381800] input: ImExPS/2 Generic Explorer Mouse as /devices/platform/i8042/serio1/input/input3
[  OK  ] Finished dracut pre-udev hook.
         Starting Rule-based Manage…for Device Events and Files...
[  OK  ] Started Rule-based Manager for Device Events and Files.
         Starting dracut pre-trigger hook...
[  OK  ] Finished dracut pre-trigger hook.
         Starting Coldplug All udev Devices...
[  OK  ] Finished Coldplug All udev Devices.
[  OK  ] Reached target Network.
         Starting dracut initqueue hook...
[  OK  ] Started Dispatch Password …ts to Console Directory Watch.
[  OK  ] Reached target Local Encrypted Volumes.
[  OK  ] Reached target Path Units.
         Starting Wait for udev To …plete Device Initialization...
[    1.547616] virtio_blk virtio2: 8/0/0 default/read/poll queues
[    1.554443] ACPI: bus type drm_connector registered
[    1.554823] ACPI: \_SB_.GSIA: Enabled at IRQ 16
[    1.559704] ahci 0000:00:1f.2: AHCI 0001.0000 32 slots 6 ports 1.5 Gbps 0x3f impl SATA mode
[    1.559707] ahci 0000:00:1f.2: flags: 64bit ncq only 
[    1.567981] virtio_blk virtio2: [vda] 104857600 512-byte logical blocks (53.7 GB/50.0 GiB)
[    1.583536]  vda: vda1
[    1.585076] 8021q: 802.1Q VLAN Support v1.8
[  OK  ] Found device[    1.588963] cirrus 0000:00:01.0: vgaarb: deactivate vga console
[    1.589839] scsi host0: ahci
 /dev/d[    1.590031] scsi host1: ahci
isk/by-…3-a2a0[    1.590204] scsi host2: ahci
-4fd5-8e89-0b44b[    1.590385] scsi host3: ahci
0848ab3.
[    1.590532] scsi host4: ahci
[    1.590695] scsi host5: ahci
[    1.590764] ata1: SATA max UDMA/133 abar m4096@0xfea16000 port 0xfea16100 irq 47
[    1.590770] ata2: SATA max UDMA/133 abar m4096@0xfea16000 port 0xfea16180 irq 47
[    1.590777] ata3: SATA max UDMA/133 abar m4096@0xfea16000 port 0xfea16200 irq 47
[    1.590781] ata4: SATA max UDMA/133 abar m4096@0xfea16000 port 0xfea16280 irq 47
[    1.590785] ata5: SATA max UDMA/133 abar m4096@0xfea16000 port 0xfea16300 irq 47
[    1.590820] ata6: SATA max UDMA/133 abar m4096@0xfea16000 port 0xfea16380 irq 47
[    1.620362] Console: switching to colour dummy device 80x25
[    1.623707] [drm] Initialized cirrus 2.0.0 2019 for 0000:00:01.0 on minor 0
[    1.626205] fbcon: cirrusdrmfb (fb0) is primary device
[    1.627363] cirrus 0000:00:01.0: [drm] drm_plane_enable_fb_damage_clips() not called
[    1.724051] Console: switching to colour frame buffer device 128x48
[    1.772790] cirrus 0000:00:01.0: [drm] fb0: cirrusdrmfb frame buffer device
[    1.899338] ata4: SATA link down (SStatus 0 SControl 300)
[    1.899441] ata5: SATA link down (SStatus 0 SControl 300)
[    1.899534] ata1: SATA link down (SStatus 0 SControl 300)
[    1.899626] ata6: SATA link down (SStatus 0 SControl 300)
[    1.900715] ata3: SATA link down (SStatus 0 SControl 300)
[    1.901072] ata2: SATA link up 1.5 Gbps (SStatus 113 SControl 300)
[    1.901150] ata2.00: ATAPI: QEMU DVD-ROM, 2.5+, max UDMA/100
[    1.901153] ata2.00: applying bridge limits
[    1.901319] ata2.00: configured for UDMA/100
[    1.901533] scsi 1:0:0:0: CD-ROM            QEMU     QEMU DVD-ROM     2.5+ PQ: 0 ANSI: 5
[    1.920030] scsi 1:0:0:0: Attached scsi generic sg0 type 5
[    1.924566] sr 1:0:0:0: [sr0] scsi3-mmc drive: 4x/4x cd/rw xa/form2 tray
[    1.924567] cdrom: Uniform CD-ROM driver Revision: 3.20
[  OK  ] Finished Wait for udev To Complete Device Initialization.
[  OK  ] Finished dracut initqueue hook.
[  OK  ] Reached target Preparation for Remote File Systems.
[  OK  ] Reached target Remote File Systems.
         Starting dracut pre-mount hook...
         Starting Device-Mapper Multipath Device Controller...
[  OK  ] Finished dracut pre-mount hook.
         Starting dracut mount hook...
[  OK  ] Started Device-Mapper Multipath Device Controller.
[  OK  ] Reached target Preparation for Local File Systems.
[  OK  ] Reached target Local File Systems.
[  OK  ] Reached target System Initialization.
[  OK  ] Reached target Basic System.
[  OK  ] Started Hardware RNG Entropy Gatherer Daemon.
         Starting File System Check…a2a0-4fd5-8e89-0b44b0848ab3...
[  OK  ] Finished File System Check…3-a2a0-4fd5-8e89-0b44b0848ab3.
[    1.907079] dracut-mount[643]: Warning: Can't mount root filesystem
         Starting Dracut Emergency Shell...
         Mounting /sysroot...
[    2.295125] SGI XFS with ACLs, security attributes, scrub, quota, no debug enabled
[    2.297957] XFS (vda1): Mounting V5 Filesystem

Generating "/run/initramfs/rdsosreport.txt"


Entering emergency mode. Exit the shell to continue.
Type "jou[    2.301771] XFS (vda1): Ending clean mount
rnalctl" to view system logs.
You might want to save "/run/initramfs/rdsosreport.txt" to a USB stick or /boot
after mounting them and attach it to a bug report.


dracut:/# [  OK  ] Mounted /sysroot.
[  OK  ] Reached target System Upgrade.
         Starting System Upgrade...
[    2.174995] upgrade[751]: starting upgrade hook
[    2.178705] upgrade[751]: /bin/upgrade: line 19: /sysroot/var/tmp/system-upgrade.state: Read-only file system
[    2.364510] xfs filesystem being remounted at /sysroot supports timestamps until 2038 (0x7fffffff)
[   10.133640] upgrade[770]: ==> Processing phase `InitRamStart`
[   10.133735] upgrade[770]: ====> * remove_upgrade_boot_entry
[   10.134090] upgrade[770]:         Remove boot entry for Leapp provided initramfs.
[   10.461156] upgrade[770]: ==> Processing phase `LateTests`
[   10.461210] upgrade[770]: ====> * persistentnetnamesinitramfs
[   10.461230] upgrade[770]:         Get network interface information for physical ethernet interfaces with the new kernel in initramfs.
[   10.609500] upgrade[770]: ==> Processing phase `Preparation`
[   10.609550] upgrade[770]: ====> * applytransactionworkarounds
[   10.609570] upgrade[770]:         Executes registered workaround scripts on the system before the upgrade transaction
[   10.765507] upgrade[1390]: Applying transaction workaround - remove obsolete RPM GPG keys from RPM DB
[   10.789685] upgrade[770]: ====> * remove_boot_files
[   10.789730] upgrade[770]:         Remove Leapp provided initramfs from boot partition.
[   10.857399] upgrade[770]: ====> * selinuxprepare
[   10.857448] upgrade[770]:         Remove selinux policy customizations before updating selinux-policy* packages
[   16.861929] upgrade[770]: ==> Processing phase `RPMUpgrade`
[   16.862016] upgrade[770]: ====> * prepare_python_workround
[   16.862181] upgrade[770]:         Prepare environment to be able to run leapp with Python3 in initrd.
[   16.910015] upgrade[770]: ====> * dnf_upgrade_transaction
[   16.910065] upgrade[770]:         Setup and call DNF upgrade command
[   21.065943] upgrade[1599]: Dependencies resolved.
[   21.083178] upgrade[1599]: ================================================================================
[   21.091893] upgrade[1599]:  Package           Architecture     Version             Repository         Size
[   21.101084] upgrade[1599]: ================================================================================
[   21.101205] upgrade[1599]: Resetting modules:
[   21.117813] upgrade[1599]:  llvm-toolset
[   21.126747] upgrade[1599]:  perl
[   21.136187] upgrade[1599]:  perl-DBD-MySQL
[   21.144950] upgrade[1599]:  perl-DBI
[   21.145034] upgrade[1599]:  perl-IO-Socket-SSL
[   21.162600] upgrade[1599]:                                                                                
[   21.171439] upgrade[1599]:  perl-libwww-perl
[   21.184150] upgrade[1599]:  python27
[   21.199336] upgrade[1599]:  python36
[   21.207720] upgrade[1599]:  redis
[   21.216322] upgrade[1599]:  subversion
[   21.224658] upgrade[1599]:  virt
[   21.224705] upgrade[1599]: Transaction Summary
[   21.249362] upgrade[1599]: ================================================================================
[   21.249409] upgrade[1599]: Complete!
[   21.572440] upgrade[1599]: Last metadata expiration check: 0:04:57 ago on Wed Jun 26 05:33:39 2024.
[   23.631445] upgrade[1599]: Dependencies resolved.
[   23.696964] upgrade[1599]: ==========================================================================================================================
[   23.706527] upgrade[1599]:  Package                                  Arch    Version                                      Repository             Size
[   23.715322] upgrade[1599]: ==========================================================================================================================
[   23.715367] upgrade[1599]: Installing:
[   23.737373] upgrade[1599]:  NetworkManager                           x86_64  1:1.44.0-5.el9_3                             almalinux9-baseos     2.2 M
[   23.746013] upgrade[1599]:  NetworkManager-config-server             noarch  1:1.44.0-5.el9_3                             almalinux9-baseos      19 k
[   23.754267] upgrade[1599]:  fonts-filesystem                         noarch  1:2.0.5-7.el9.1                              almalinux9-baseos     9.0 k
[   23.762522] upgrade[1599]:      replacing  fontpackages-filesystem.noarch 1.44-22.el8
[   23.770869] upgrade[1599]:  iptables-nft                             x86_64  1.8.8-6.el9_1                                almalinux9-baseos     185 k
[   23.779375] upgrade[1599]:  kernel                                   x86_64  5.14.0-362.24.2.el9_3                        almalinux9-baseos      33 k
[   23.787744] upgrade[1599]:  kernel-core                              x86_64  5.14.0-362.24.2.el9_3                        almalinux9-baseos      15 M
[   23.795923] upgrade[1599]:  kernel-devel                             x86_64  5.14.0-362.24.2.el9_3                        almalinux9-appstream   15 M
[   23.804320] upgrade[1599]:  kernel-modules                           x86_64  5.14.0-362.24.2.el9_3                        almalinux9-baseos      32 M
[   23.812747] upgrade[1599]:  kernel-modules-extra                     x86_64  5.14.0-362.24.2.el9_3                        almalinux9-baseos     489 k
[   23.821225] upgrade[1599]:  leapp-deps-el9                           noarch  5.0.9-100.202203181036Z.249925a3.master.el9  @commandline          6.5 k
[   23.829440] upgrade[1599]:      replacing  leapp-deps.noarch 0.14.0-1.el8_6
[   23.837488] upgrade[1599]:  leapp-repository-deps-el9                noarch  5.0.9-100.202203181036Z.249925a3.master.el9  @commandline          6.6 k
[   23.845843] upgrade[1599]:      replacing  leapp-upgrade-el8toel9-deps.noarch 1:0.16.0-6.el8_6.elevate.20
[   23.854242] upgrade[1599]:  libmemcached-awesome                     x86_64  1.1.0-12.el9                                 almalinux9-crb        110 k
[   23.862189] upgrade[1599]:      replacing  libmemcached-libs.x86_64 1.0.18-17.el8
[   23.870488] upgrade[1599]:  libmemcached-awesome-devel               x86_64  1.1.0-12.el9                                 almalinux9-crb        285 k
[   23.878916] upgrade[1599]:      replacing  libmemcached-devel.x86_64 1.0.18-17.el8
[   23.887260] upgrade[1599]:  libmemcached-awesome-tools               x86_64  1.1.0-12.el9                                 almalinux9-crb        191 k
[   23.887307] upgrade[1599]:      replacing  libmemcached.x86_64 1.0.18-17.el8
[   23.909034] upgrade[1599]:  openexr-devel                            x86_64  3.1.1-2.el9                                  almalinux9-crb        133 k
[   23.909086] upgrade[1599]:      replacing  OpenEXR-devel.x86_64 2.2.0-12.el8
[   23.946466] upgrade[1599]:      replacing  ilmbase-devel.x86_64 2.2.0-13.el8
[   23.954668] upgrade[1599]:  openexr-libs                             x86_64  3.1.1-2.el9                                  almalinux9-appstream  1.1 M
[   23.963176] upgrade[1599]:      replacing  OpenEXR-libs.x86_64 2.2.0-12.el8
[   23.971125] upgrade[1599]:  python3                                  x86_64  3.9.18-1.el9_3.1                             almalinux9-baseos      25 k
[   23.971165] upgrade[1599]:      replacing  platform-python.x86_64 3.6.8-62.el8_10.alma.1
[   23.992098] upgrade[1599]:  python3-devel                            x86_64  3.9.18-1.el9_3.1                             almalinux9-appstream  204 k
[   23.999890] upgrade[1599]:      replacing  platform-python-devel.x86_64 3.6.8-62.el8_10.alma.1
[   24.008083] upgrade[1599]:  subscription-manager                     x86_64  1.29.38-1.el9_3.alma.1                       almalinux9-baseos     788 k
[   24.015820] upgrade[1599]:      replacing  python3-syspurpose.x86_64 1.28.42-1.el8.alma.1
[   24.023349] upgrade[1599]:  util-linux-core                          x86_64  2.37.4-15.el9                                almalinux9-baseos     432 k
[   24.023394] upgrade[1599]:      replacing  hardlink.x86_64 1:1.3-6.el8
[   24.023718] upgrade[1599]: Upgrading:
[   24.051245] upgrade[1599]:  LibRaw                                   x86_64  0.20.2-6.el9                                 almalinux9-appstream  373 k
[   24.065741] upgrade[1599]:  acl                                      x86_64  2.3.1-3.el9                                  almalinux9-baseos      71 k
[   24.073985] upgrade[1599]:  adobe-mappings-cmap                      noarch  20171205-12.el9                              almalinux9-appstream  1.9 M
[   24.082097] upgrade[1599]:  adobe-mappings-cmap-deprecated           noarch  20171205-12.el9                              almalinux9-appstream  106 k
[   24.090151] upgrade[1599]:  adobe-mappings-pdf                       noarch  20180407-10.el9                              almalinux9-appstream  637 k
[   24.098328] upgrade[1599]:  almalinux-indexhtml                      noarch  9-2.el9                                      almalinux9-appstream  7.8 k
[   24.106437] upgrade[1599]:  almalinux-release                        x86_64  9.3-1.el9                                    almalinux9-baseos      20 k
[   24.114546] upgrade[1599]:  annobin                                  x86_64  12.12-1.el9                                  almalinux9-appstream  976 k
[   24.122484] upgrade[1599]:  apr                                      x86_64  1.7.0-12.el9_3                               almalinux9-appstream  122 k
[   24.130805] upgrade[1599]:  apr-util                                 x86_64  1.6.1-23.el9                                 almalinux9-appstream   94 k
[   24.138839] upgrade[1599]:  apr-util-bdb                             x86_64  1.6.1-23.el9                                 almalinux9-appstream   12 k
[   24.146964] upgrade[1599]:  apr-util-openssl                         x86_64  1.6.1-23.el9                                 almalinux9-appstream   14 k
[   24.154940] upgrade[1599]:  aspell                                   x86_64  12:0.60.8-8.el9                              almalinux9-crb        686 k
[   24.163099] upgrade[1599]:  aspell-devel                             x86_64  12:0.60.8-8.el9                              almalinux9-crb         39 k
[   24.171133] upgrade[1599]:  atk                                      x86_64  2.36.0-5.el9                                 almalinux9-appstream  270 k
[   24.179303] upgrade[1599]:  attr                                     x86_64  2.5.1-3.el9                                  almalinux9-baseos      58 k
[   24.187236] upgrade[1599]:  authselect                               x86_64  1.2.6-2.el9                                  almalinux9-baseos     140 k
[   24.195510] upgrade[1599]:  authselect-compat                        x86_64  1.2.6-2.el9                                  almalinux9-appstream   31 k
[   24.203545] upgrade[1599]:  authselect-libs                          x86_64  1.2.6-2.el9                                  almalinux9-baseos     237 k
[   24.211667] upgrade[1599]:  autoconf                                 noarch  2.69-38.el9                                  almalinux9-appstream  666 k
[   24.219703] upgrade[1599]:  automake                                 noarch  1.16.2-8.el9                                 almalinux9-appstream  662 k
[   24.227868] upgrade[1599]:  avahi-libs                               x86_64  0.8-15.el9                                   almalinux9-baseos      66 k
[   24.235962] upgrade[1599]:  basesystem                               noarch  11-13.el9                                    almalinux9-baseos     7.0 k
[   24.244167] upgrade[1599]:  bash                                     x86_64  5.1.8-6.el9_1                                almalinux9-baseos     1.7 M
[   24.252144] upgrade[1599]:  bc                                       x86_64  1.07.1-14.el9                                almalinux9-baseos     118 k
[   24.269182] upgrade[1599]:  bind-libs                                x86_64  32:9.16.23-14.el9_3.4                        almalinux9-appstream  1.2 M
[   24.290407] upgrade[1599]:      replacing  bind-libs-lite.x86_64 32:9.11.36-14.el8_10
[   24.298583] upgrade[1599]:  bind-license                             noarch  32:9.16.23-14.el9_3.4                        almalinux9-appstream   12 k
[   24.307099] upgrade[1599]:  bind-utils                               x86_64  32:9.16.23-14.el9_3.4                        almalinux9-appstream  199 k
[   24.315480] upgrade[1599]:  binutils                                 x86_64  2.35.2-42.el9_3.1                            almalinux9-baseos     4.5 M
[   24.323726] upgrade[1599]:  bison                                    x86_64  3.7.4-5.el9                                  almalinux9-appstream  920 k
[   24.332055] upgrade[1599]:  bluez-libs                               x86_64  5.64-2.el9                                   almalinux9-baseos      83 k
[   24.340516] upgrade[1599]:  bluez-libs-devel                         x86_64  5.64-2.el9                                   almalinux9-crb        147 k
[   24.348695] upgrade[1599]:  boost-atomic                             x86_64  1.75.0-8.el9                                 almalinux9-appstream   16 k
[   24.357310] upgrade[1599]:  boost-chrono                             x86_64  1.75.0-8.el9                                 almalinux9-appstream   24 k
[   24.365441] upgrade[1599]:  boost-date-time                          x86_64  1.75.0-8.el9                                 almalinux9-appstream   13 k
[   24.373892] upgrade[1599]:  boost-iostreams                          x86_64  1.75.0-8.el9                                 almalinux9-appstream   38 k
[   24.382068] upgrade[1599]:  boost-program-options                    x86_64  1.75.0-8.el9                                 almalinux9-appstream  106 k
[   24.390511] upgrade[1599]:  boost-random                             x86_64  1.75.0-8.el9                                 almalinux9-appstream   23 k
[   24.398760] upgrade[1599]:  boost-regex                              x86_64  1.75.0-8.el9                                 almalinux9-appstream  277 k
[   24.406606] upgrade[1599]:  boost-system                             x86_64  1.75.0-8.el9                                 almalinux9-appstream   13 k
[   24.414664] upgrade[1599]:  boost-thread                             x86_64  1.75.0-8.el9                                 almalinux9-appstream   55 k
[   24.422915] upgrade[1599]:  brotli                                   x86_64  1.0.9-6.el9                                  almalinux9-appstream  313 k
[   24.431021] upgrade[1599]:  bzip2                                    x86_64  1.0.8-8.el9                                  almalinux9-baseos      52 k
[   24.439483] upgrade[1599]:  bzip2-devel                              x86_64  1.0.8-8.el9                                  almalinux9-appstream  213 k
[   24.447473] upgrade[1599]:  bzip2-libs                               x86_64  1.0.8-8.el9                                  almalinux9-baseos      40 k
[   24.455428] upgrade[1599]:  c-ares                                   x86_64  1.19.1-1.el9                                 almalinux9-baseos     109 k
[   24.462959] upgrade[1599]:  ca-certificates                          noarch  2023.2.60_v7.0.306-90.1.el9_2                almalinux9-baseos     835 k
[   24.471071] upgrade[1599]:  cairo                                    x86_64  1.17.4-7.el9                                 almalinux9-appstream  659 k
[   24.483846] upgrade[1599]:  checkpolicy                              x86_64  3.5-1.el9                                    almalinux9-appstream  345 k
[   24.492091] upgrade[1599]:  chkconfig                                x86_64  1.24-1.el9                                   almalinux9-baseos     161 k
[   24.500189] upgrade[1599]:  cloud-utils-growpart                     x86_64  0.33-1.el9                                   almalinux9-appstream   34 k
[   24.508435] upgrade[1599]:  coreutils                                x86_64  8.32-34.el9                                  almalinux9-baseos     1.1 M
[   24.516581] upgrade[1599]:  coreutils-common                         x86_64  8.32-34.el9                                  almalinux9-baseos     2.0 M
[   24.524706] upgrade[1599]:  cpio                                     x86_64  2.13-16.el9                                  almalinux9-baseos     270 k
[   24.532317] upgrade[1599]:  cpp                                      x86_64  11.4.1-2.1.el9.alma                          almalinux9-appstream   11 M
[   24.540437] upgrade[1599]:  cracklib                                 x86_64  2.9.6-27.el9                                 almalinux9-baseos      81 k
[   24.548889] upgrade[1599]:  cracklib-dicts                           x86_64  2.9.6-27.el9                                 almalinux9-baseos     3.6 M
[   24.557069] upgrade[1599]:  cronie                                   x86_64  1.5.7-8.el9                                  almalinux9-baseos     115 k
[   24.565038] upgrade[1599]:  cronie-anacron                           x86_64  1.5.7-8.el9                                  almalinux9-baseos      32 k
[   24.573122] upgrade[1599]:  crontabs                                 noarch  1.11-27.20190603git.el9_0                    almalinux9-baseos      18 k
[   24.581136] upgrade[1599]:  cryptsetup-libs                          x86_64  2.6.0-3.el9                                  almalinux9-baseos     469 k
[   24.589334] upgrade[1599]:  cups-libs                                x86_64  1:2.3.3op2-21.el9                            almalinux9-baseos     261 k
[   24.597335] upgrade[1599]:  curl                                     x86_64  7.76.1-26.el9_3.3                            almalinux9-baseos     293 k
[   24.605469] upgrade[1599]:  cyrus-imapd                              x86_64  3.4.1-10.el9                                 almalinux9-appstream  1.5 M
[   24.613416] upgrade[1599]:  cyrus-imapd-utils                        x86_64  3.4.1-10.el9                                 almalinux9-appstream   69 k
[   24.621568] upgrade[1599]:  cyrus-sasl                               x86_64  2.1.27-21.el9                                almalinux9-baseos      71 k
[   24.629671] upgrade[1599]:  cyrus-sasl-devel                         x86_64  2.1.27-21.el9                                almalinux9-appstream  102 k
[   24.637971] upgrade[1599]:  cyrus-sasl-lib                           x86_64  2.1.27-21.el9                                almalinux9-baseos     764 k
[   24.645280] upgrade[1599]:  cyrus-sasl-md5                           x86_64  2.1.27-21.el9                                almalinux9-appstream   42 k
[   24.653447] upgrade[1599]:  cyrus-sasl-plain                         x86_64  2.1.27-21.el9                                almalinux9-baseos      23 k
[   24.660919] upgrade[1599]:  daxctl-libs                              x86_64  71.1-8.el9                                   almalinux9-baseos      41 k
[   24.669104] upgrade[1599]:  dbus                                     x86_64  1:1.12.20-8.el9                              almalinux9-baseos     6.8 k
[   24.681812] upgrade[1599]:  dbus-common                              noarch  1:1.12.20-8.el9                              almalinux9-baseos      14 k
[   24.690095] upgrade[1599]:  dbus-daemon                              x86_64  1:1.12.20-8.el9                              almalinux9-appstream  196 k
[   24.698193] upgrade[1599]:  dbus-glib                                x86_64  0.110-13.el9                                 almalinux9-appstream  122 k
[   24.706322] upgrade[1599]:  dbus-libs                                x86_64  1:1.12.20-8.el9                              almalinux9-baseos     151 k
[   24.714479] upgrade[1599]:  dbus-tools                               x86_64  1:1.12.20-8.el9                              almalinux9-baseos      50 k
[   24.722282] upgrade[1599]:  dejavu-sans-fonts                        noarch  2.37-18.el9                                  almalinux9-baseos     1.3 M
[   24.730323] upgrade[1599]:      replacing  dejavu-fonts-common.noarch 2.35-7.el8
[   24.738412] upgrade[1599]:  dejavu-sans-mono-fonts                   noarch  2.37-18.el9                                  almalinux9-baseos     466 k
[   24.746517] upgrade[1599]:  device-mapper                            x86_64  9:1.02.195-3.el9                             almalinux9-baseos     138 k
[   24.754632] upgrade[1599]:  device-mapper-libs                       x86_64  9:1.02.195-3.el9                             almalinux9-baseos     177 k
[   24.763034] upgrade[1599]:  dhcp-client                              x86_64  12:4.4.2-19.b1.el9                           almalinux9-baseos     788 k
[   24.771197] upgrade[1599]:  dhcp-common                              noarch  12:4.4.2-19.b1.el9                           almalinux9-baseos     128 k
[   24.779267] upgrade[1599]:      replacing  dhcp-libs.x86_64 12:4.3.6-50.el8_10
[   24.786948] upgrade[1599]:  diffutils                                x86_64  3.7-12.el9                                   almalinux9-baseos     388 k
[   24.794906] upgrade[1599]:  dmidecode                                x86_64  1:3.5-1.el9                                  almalinux9-baseos      94 k
[   24.803050] upgrade[1599]:  dnf                                      noarch  4.14.0-8.el9.alma.1                          almalinux9-baseos     470 k
[   24.811037] upgrade[1599]:  dnf-data                                 noarch  4.14.0-8.el9.alma.1                          almalinux9-baseos      36 k
[   24.819718] upgrade[1599]:  dnf-plugins-core                         noarch  4.3.0-11.el9_3.alma.1                        almalinux9-baseos      36 k
[   24.827432] upgrade[1599]:  dos2unix                                 x86_64  7.4.2-4.el9                                  almalinux9-baseos     235 k
[   24.835386] upgrade[1599]:  dracut                                   x86_64  057-44.git20230822.el9                       almalinux9-baseos     379 k
[   24.843080] upgrade[1599]:  dracut-config-generic                    x86_64  057-44.git20230822.el9                       almalinux9-baseos      10 k
[   24.851169] upgrade[1599]:  dracut-config-rescue                     x86_64  057-44.git20230822.el9                       almalinux9-baseos      11 k
[   24.863667] upgrade[1599]:  dracut-live                              x86_64  057-44.git20230822.el9                       almalinux9-appstream   23 k
[   24.871371] upgrade[1599]:  dracut-network                           x86_64  057-44.git20230822.el9                       almalinux9-baseos      63 k
[   24.879514] upgrade[1599]:  dracut-squash                            x86_64  057-44.git20230822.el9                       almalinux9-baseos      12 k
[   24.892489] upgrade[1599]:  dwz                                      x86_64  0.14-3.el9                                   almalinux9-appstream  127 k
[   24.899915] upgrade[1599]:  e2fsprogs                                x86_64  1.46.5-3.el9                                 almalinux9-baseos     1.0 M
[   24.908165] upgrade[1599]:  e2fsprogs-devel                          x86_64  1.46.5-3.el9                                 almalinux9-appstream   60 k
[   24.915656] upgrade[1599]:  e2fsprogs-libs                           x86_64  1.46.5-3.el9                                 almalinux9-baseos     222 k
[   24.923153] upgrade[1599]:  efi-filesystem                           noarch  6-2.el9_0.0.1                                almalinux9-baseos     7.6 k
[   24.936071] upgrade[1599]:  efi-srpm-macros                          noarch  6-2.el9_0.0.1                                almalinux9-appstream   21 k
[   24.943693] upgrade[1599]:  emacs-filesystem                         noarch  1:27.2-9.el9                                 almalinux9-appstream  7.8 k
[   24.951692] upgrade[1599]:  enchant                                  x86_64  1:1.6.0-30.el9                               almalinux9-appstream   60 k
[   24.959752] upgrade[1599]:  enchant-devel                            x86_64  1:1.6.0-30.el9                               almalinux9-crb         12 k
[   24.969174] upgrade[1599]:  environment-modules                      x86_64  5.3.0-1.el9                                  almalinux9-baseos     575 k
[   24.978842] upgrade[1599]:  epel-release                             noarch  9-5.el9                                      almalinux9-extras      18 k
[   24.987671] upgrade[1599]:  ethtool                                  x86_64  2:6.2-1.el9                                  almalinux9-baseos     229 k
[   24.996625] upgrade[1599]:  expat                                    x86_64  2.5.0-1.el9_3.1                              almalinux9-baseos     115 k
[   25.005535] upgrade[1599]:  expat-devel                              x86_64  2.5.0-1.el9_3.1                              almalinux9-appstream   52 k
[   25.015038] upgrade[1599]:  expect                                   x86_64  5.45.4-15.el9                                almalinux9-appstream  246 k
[   25.029162] upgrade[1599]:  fftw-libs-double                         x86_64  3.3.8-12.el9                                 almalinux9-appstream  907 k
[   25.038799] upgrade[1599]:  file                                     x86_64  5.39-14.el9                                  almalinux9-baseos      48 k
[   25.047991] upgrade[1599]:  file-libs                                x86_64  5.39-14.el9                                  almalinux9-baseos     588 k
[   25.057813] upgrade[1599]:  filesystem                               x86_64  3.16-2.el9                                   almalinux9-baseos     1.1 M
[   25.066829] upgrade[1599]:  findutils                                x86_64  1:4.8.0-6.el9                                almalinux9-baseos     536 k
[   25.076109] upgrade[1599]:  fio                                      x86_64  3.35-1.el9                                   almalinux9-appstream  6.2 M
[   25.084705] upgrade[1599]:  flex                                     x86_64  2.6.4-9.el9                                  almalinux9-appstream  307 k
[   25.093765] upgrade[1599]:  fontconfig                               x86_64  2.14.0-2.el9_1                               almalinux9-appstream  274 k
[   25.102709] upgrade[1599]:  fontconfig-devel                         x86_64  2.14.0-2.el9_1                               almalinux9-appstream  127 k
[   25.112243] upgrade[1599]:  freetype                                 x86_64  2.10.4-9.el9                                 almalinux9-baseos     387 k
[   25.120969] upgrade[1599]:  freetype-devel                           x86_64  2.10.4-9.el9                                 almalinux9-appstream  1.1 M
[   25.144987] upgrade[1599]:  fribidi                                  x86_64  1.0.10-6.el9.2                               almalinux9-appstream   84 k
[   25.160232] upgrade[1599]:  fstrm                                    x86_64  0.6.1-3.el9                                  almalinux9-appstream   27 k
[   25.173573] upgrade[1599]:  fuse-libs                                x86_64  2.9.9-15.el9                                 almalinux9-baseos      96 k
[   25.182684] upgrade[1599]:  gawk                                     x86_64  5.1.0-6.el9                                  almalinux9-baseos     995 k
[   25.201424] upgrade[1599]:  gc                                       x86_64  8.0.4-7.el9                                  almalinux9-appstream  103 k
[   25.210094] upgrade[1599]:  gcc                                      x86_64  11.4.1-2.1.el9.alma                          almalinux9-appstream   32 M
[   25.230177] upgrade[1599]:  gcc-c++                                  x86_64  11.4.1-2.1.el9.alma                          almalinux9-appstream   13 M
[   25.238871] upgrade[1599]:  gcc-plugin-annobin                       x86_64  11.4.1-2.1.el9.alma                          almalinux9-appstream   45 k
[   25.247471] upgrade[1599]:  gcc-toolset-12-annobin-annocheck         x86_64  11.08-2.el9                                  almalinux9-appstream  177 k
[   25.256905] upgrade[1599]:  gcc-toolset-12-annobin-docs              noarch  11.08-2.el9                                  almalinux9-appstream   92 k
[   25.265896] upgrade[1599]:  gcc-toolset-12-annobin-plugin-gcc        x86_64  11.08-2.el9                                  almalinux9-appstream  891 k
[   25.275237] upgrade[1599]:  gcc-toolset-12-binutils                  x86_64  2.38-19.el9                                  almalinux9-appstream  5.4 M
[   25.284632] upgrade[1599]:  gcc-toolset-12-binutils-devel            x86_64  2.38-19.el9                                  almalinux9-appstream   12 M
[   25.293989] upgrade[1599]:  gcc-toolset-12-binutils-gold             x86_64  2.38-19.el9                                  almalinux9-appstream  771 k
[   25.303587] upgrade[1599]:  gcc-toolset-12-dwz                       x86_64  0.14-4.el9                                   almalinux9-appstream  126 k
[   25.312650] upgrade[1599]:  gcc-toolset-12-gdb                       x86_64  11.2-4.el9                                   almalinux9-appstream  4.2 M
[   25.322143] upgrade[1599]:  gcc-toolset-12-runtime                   x86_64  12.0-6.el9                                   almalinux9-appstream   27 k
[   25.331583] upgrade[1599]:  gcc-toolset-13-runtime                   x86_64  13.0-2.el9                                   almalinux9-appstream   27 k
[   25.341208] upgrade[1599]:  gd                                       x86_64  2.3.2-3.el9                                  almalinux9-appstream  131 k
[   25.350154] upgrade[1599]:  gd-devel                                 x86_64  2.3.2-3.el9                                  almalinux9-appstream   37 k
[   25.359646] upgrade[1599]:  gdbm                                     x86_64  1:1.19-4.el9                                 almalinux9-crb        128 k
[   25.369081] upgrade[1599]:  gdbm-devel                               x86_64  1:1.19-4.el9                                 almalinux9-crb         58 k
[   25.378754] upgrade[1599]:  gdbm-libs                                x86_64  1:1.19-4.el9                                 almalinux9-baseos      52 k
[   25.387808] upgrade[1599]:  gdisk                                    x86_64  1.0.7-5.el9                                  almalinux9-appstream  242 k
[   25.397521] upgrade[1599]:  gdk-pixbuf2                              x86_64  2.42.6-3.el9                                 almalinux9-appstream  466 k
[   25.406794] upgrade[1599]:  gdk-pixbuf2-modules                      x86_64  2.42.6-3.el9                                 almalinux9-appstream   84 k
[   25.416440] upgrade[1599]:  gdk-pixbuf2-xlib                         x86_64  2.40.2-4.el9                                 almalinux9-crb         55 k
[   25.425660] upgrade[1599]:  geolite2-city                            noarch  20191217-6.el9                               almalinux9-appstream   23 M
[   25.444015] upgrade[1599]:  geolite2-country                         noarch  20191217-6.el9                               almalinux9-appstream  1.6 M
[   25.466691] upgrade[1599]:  gettext                                  x86_64  0.21-8.el9                                   almalinux9-baseos     1.1 M
[   25.476236] upgrade[1599]:  gettext-common-devel                     noarch  0.21-8.el9                                   almalinux9-appstream  405 k
[   25.490630] upgrade[1599]:  gettext-devel                            x86_64  0.21-8.el9                                   almalinux9-appstream  199 k
[   25.500330] upgrade[1599]:  gettext-libs                             x86_64  0.21-8.el9                                   almalinux9-baseos     302 k
[   25.509857] upgrade[1599]:  ghc-srpm-macros                          noarch  1.5.0-6.el9                                  almalinux9-appstream  7.8 k
[   25.519747] upgrade[1599]:  gl-manpages                              noarch  1.1-24.20190306.el9                          almalinux9-appstream  1.0 M
[   25.529215] upgrade[1599]:  glib2                                    x86_64  2.68.4-11.el9                                almalinux9-baseos     2.6 M
[   25.538917] upgrade[1599]:  glib2-devel                              x86_64  2.68.4-11.el9                                almalinux9-appstream  470 k
[   25.548475] upgrade[1599]:  glibc                                    x86_64  2.34-83.el9_3.12                             almalinux9-baseos     1.9 M
[   25.558148] upgrade[1599]:  glibc-all-langpacks                      x86_64  2.34-83.el9_3.12                             almalinux9-baseos      18 M
[   25.567853] upgrade[1599]:  glibc-common                             x86_64  2.34-83.el9_3.12                             almalinux9-baseos     303 k
[   25.577470] upgrade[1599]:  glibc-devel                              x86_64  2.34-83.el9_3.12                             almalinux9-appstream   43 k
[   25.586590] upgrade[1599]:  glibc-gconv-extra                        x86_64  2.34-83.el9_3.12                             almalinux9-baseos     1.5 M
[   25.595746] upgrade[1599]:  glibc-headers                            x86_64  2.34-83.el9_3.12                             almalinux9-appstream  444 k
[   25.605361] upgrade[1599]:  glibc-locale-source                      x86_64  2.34-83.el9_3.12                             almalinux9-appstream  4.0 M
[   25.615095] upgrade[1599]:  glibc-minimal-langpack                   x86_64  2.34-83.el9_3.12                             almalinux9-baseos      30 k
[   25.624327] upgrade[1599]:  gmp                                      x86_64  1:6.2.0-13.el9                               almalinux9-baseos     314 k
[   25.633983] upgrade[1599]:  gmp-c++                                  x86_64  1:6.2.0-13.el9                               almalinux9-appstream   18 k
[   25.643539] upgrade[1599]:  gmp-devel                                x86_64  1:6.2.0-13.el9                               almalinux9-appstream  173 k
[   25.652541] upgrade[1599]:  gnupg2                                   x86_64  2.3.3-4.el9                                  almalinux9-baseos     2.5 M
[   25.661563] upgrade[1599]:  gnupg2-smime                             x86_64  2.3.3-4.el9                                  almalinux9-appstream  241 k
[   25.671148] upgrade[1599]:  gnutls                                   x86_64  3.7.6-23.el9_3.4                             almalinux9-baseos     1.0 M
[   25.680036] upgrade[1599]:  gnutls-c++                               x86_64  3.7.6-23.el9_3.4                             almalinux9-appstream   31 k
[   25.689399] upgrade[1599]:  gnutls-dane                              x86_64  3.7.6-23.el9_3.4                             almalinux9-appstream   21 k
[   25.698737] upgrade[1599]:  gnutls-devel                             x86_64  3.7.6-23.el9_3.4                             almalinux9-appstream  2.2 M
[   25.712986] upgrade[1599]:  go-srpm-macros                           noarch  3.2.0-2.el9                                  almalinux9-appstream   26 k
[   25.722287] upgrade[1599]:  gobject-introspection                    x86_64  1.68.0-11.el9                                almalinux9-baseos     246 k
[   25.731498] upgrade[1599]:  google-droid-sans-fonts                  noarch  20200215-11.el9.2                            almalinux9-appstream  2.7 M
[   25.740847] upgrade[1599]:  gpgme                                    x86_64  1.15.1-6.el9                                 almalinux9-baseos     206 k
[   25.750210] upgrade[1599]:  gpgme-devel                              x86_64  1.15.1-6.el9                                 almalinux9-crb        162 k
[   25.759040] upgrade[1599]:  graphite2                                x86_64  1.3.14-9.el9                                 almalinux9-baseos      94 k
[   25.768971] upgrade[1599]:  graphviz                                 x86_64  2.44.0-25.el9                                almalinux9-appstream  3.3 M
[   25.778173] upgrade[1599]:  grep                                     x86_64  3.6-5.el9                                    almalinux9-baseos     257 k
[   25.787415] upgrade[1599]:  groff-base                               x86_64  1.22.4-10.el9                                almalinux9-baseos     1.0 M
[   25.796966] upgrade[1599]:  grub2-common                             noarch  1:2.06-70.el9_3.2.alma.2                     almalinux9-baseos     904 k
[   25.806555] upgrade[1599]:  grub2-pc                                 x86_64  1:2.06-70.el9_3.2.alma.2                     almalinux9-baseos      13 k
[   25.815969] upgrade[1599]:  grub2-pc-modules                         noarch  1:2.06-70.el9_3.2.alma.2                     almalinux9-baseos     910 k
[   25.825549] upgrade[1599]:  grub2-tools                              x86_64  1:2.06-70.el9_3.2.alma.2                     almalinux9-baseos     1.8 M
[   25.835036] upgrade[1599]:  grub2-tools-efi                          x86_64  1:2.06-70.el9_3.2.alma.2                     almalinux9-baseos     539 k
[   25.844616] upgrade[1599]:  grub2-tools-extra                        x86_64  1:2.06-70.el9_3.2.alma.2                     almalinux9-baseos     839 k
[   25.854032] upgrade[1599]:  grub2-tools-minimal                      x86_64  1:2.06-70.el9_3.2.alma.2                     almalinux9-baseos     602 k
[   25.863656] upgrade[1599]:  grubby                                   x86_64  8.40-63.el9                                  almalinux9-baseos      32 k
[   25.873185] upgrade[1599]:  gssproxy                                 x86_64  0.8.4-6.el9                                  almalinux9-baseos     108 k
[   25.882530] upgrade[1599]:  gtk-update-icon-cache                    x86_64  3.24.31-2.el9                                almalinux9-appstream   34 k
[   25.891836] upgrade[1599]:  gtk2                                     x86_64  2.24.33-8.el9                                almalinux9-appstream  3.5 M
[   25.901430] upgrade[1599]:  gzip                                     x86_64  1.12-1.el9                                   almalinux9-baseos     157 k
[   25.910749] upgrade[1599]:  harfbuzz                                 x86_64  2.7.4-8.el9                                  almalinux9-baseos     624 k
[   25.920401] upgrade[1599]:  hdparm                                   x86_64  9.62-2.el9                                   almalinux9-baseos      95 k
[   25.929676] upgrade[1599]:  hicolor-icon-theme                       noarch  0.17-13.el9                                  almalinux9-appstream   65 k
[   25.939564] upgrade[1599]:  hostname                                 x86_64  3.23-6.el9                                   almalinux9-baseos      27 k
[   25.948322] upgrade[1599]:  hunspell                                 x86_64  1.7.0-11.el9                                 almalinux9-appstream  322 k
[   25.957743] upgrade[1599]:  hunspell-en-US                           noarch  0.20140811.1-20.el9                          almalinux9-appstream  176 k
[   25.967225] upgrade[1599]:  hwdata                                   noarch  0.348-9.11.el9                               almalinux9-baseos     1.6 M
[   25.976913] upgrade[1599]:  ima-evm-utils                            x86_64  1.4-4.el9                                    almalinux9-baseos      63 k
[   25.986417] upgrade[1599]:  info                                     x86_64  6.7-15.el9                                   almalinux9-baseos     224 k
[   25.995785] upgrade[1599]:  initscripts                              x86_64  10.11.5-1.el9                                almalinux9-baseos     210 k
[   26.009668] upgrade[1599]:  iotop                                    noarch  0.6-30.el9                                   almalinux9-baseos      62 k
[   26.019022] upgrade[1599]:  ipcalc                                   x86_64  1.0.0-5.el9                                  almalinux9-baseos      41 k
[   26.028522] upgrade[1599]:  ipset                                    x86_64  7.11-8.el9                                   almalinux9-baseos      42 k
[   26.037787] upgrade[1599]:  ipset-devel                              x86_64  7.11-8.el9                                   almalinux9-crb         23 k
[   26.047277] upgrade[1599]:  ipset-libs                               x86_64  7.11-8.el9                                   almalinux9-baseos      69 k
[   26.056924] upgrade[1599]:  iptables-devel                           x86_64  1.8.8-6.el9_1                                almalinux9-appstream   19 k
[   26.066046] upgrade[1599]:  iptables-libs                            x86_64  1.8.8-6.el9_1                                almalinux9-baseos     398 k
[   26.076134] upgrade[1599]:  iptables-utils                           x86_64  1.8.8-6.el9_1                                almalinux9-baseos      44 k
[   26.085591] upgrade[1599]:  iputils                                  x86_64  20210202-9.el9                               almalinux9-baseos     167 k
[   26.097924] upgrade[1599]:  irqbalance                               x86_64  2:1.9.2-3.el9                                almalinux9-baseos      62 k
[   26.107458] upgrade[1599]:  jansson                                  x86_64  2.14-1.el9                                   almalinux9-baseos      45 k
[   26.116998] upgrade[1599]:  jasper-devel                             x86_64  2.0.28-3.el9                                 almalinux9-crb        398 k
[   26.126629] upgrade[1599]:  jasper-libs                              x86_64  2.0.28-3.el9                                 almalinux9-appstream  151 k
[   26.135688] upgrade[1599]:  jbig2dec-libs                            x86_64  0.19-7.el9                                   almalinux9-appstream   72 k
[   26.144951] upgrade[1599]:  jbigkit-devel                            x86_64  2.1-23.el9                                   almalinux9-crb         12 k
[   26.154479] upgrade[1599]:  jbigkit-libs                             x86_64  2.1-23.el9                                   almalinux9-appstream   52 k
[   26.163830] upgrade[1599]:  jq                                       x86_64  1.6-15.el9                                   almalinux9-appstream  186 k
[   26.173459] upgrade[1599]:  json-c                                   x86_64  0.14-11.el9                                  almalinux9-baseos      42 k
[   26.182933] upgrade[1599]:  kbd                                      x86_64  2.4.0-9.el9                                  almalinux9-baseos     383 k
[   26.192038] upgrade[1599]:  kbd-legacy                               noarch  2.4.0-9.el9                                  almalinux9-baseos     502 k
[   26.200871] upgrade[1599]:  kbd-misc                                 noarch  2.4.0-9.el9                                  almalinux9-baseos     1.5 M
[   26.210613] upgrade[1599]:  kernel-headers                           x86_64  5.14.0-362.24.2.el9_3                        almalinux9-appstream  1.5 M
[   26.224770] upgrade[1599]:  kernel-tools                             x86_64  5.14.0-362.24.2.el9_3                        almalinux9-baseos     268 k
[   26.233949] upgrade[1599]:  kernel-tools-libs                        x86_64  5.14.0-362.24.2.el9_3                        almalinux9-baseos      43 k
[   26.243224] upgrade[1599]:  keyutils                                 x86_64  1.6.3-1.el9                                  almalinux9-baseos      71 k
[   26.252282] upgrade[1599]:  keyutils-libs                            x86_64  1.6.3-1.el9                                  almalinux9-baseos      31 k
[   26.260935] upgrade[1599]:  keyutils-libs-devel                      x86_64  1.6.3-1.el9                                  almalinux9-appstream   54 k
[   26.270426] upgrade[1599]:  kmod                                     x86_64  28-9.el9                                     almalinux9-baseos     121 k
[   26.279885] upgrade[1599]:  kmod-libs                                x86_64  28-9.el9                                     almalinux9-baseos      63 k
[   26.288498] upgrade[1599]:  kpartx                                   x86_64  0.8.7-22.el9                                 almalinux9-baseos      47 k
[   26.298108] upgrade[1599]:  krb5-devel                               x86_64  1.21.1-1.el9                                 almalinux9-appstream  133 k
[   26.307195] upgrade[1599]:  krb5-libs                                x86_64  1.21.1-1.el9                                 almalinux9-baseos     754 k
[   26.315923] upgrade[1599]:  lcms2                                    x86_64  2.12-3.el9                                   almalinux9-appstream  166 k
[   26.325552] upgrade[1599]:  lcms2-devel                              x86_64  2.12-3.el9                                   almalinux9-appstream  1.7 M
[   26.334513] upgrade[1599]:  less                                     x86_64  590-3.el9_3                                  almalinux9-baseos     160 k
[   26.344211] upgrade[1599]:  libICE                                   x86_64  1.0.10-8.el9                                 almalinux9-appstream   70 k
[   26.358389] upgrade[1599]:  libICE-devel                             x86_64  1.0.10-8.el9                                 almalinux9-appstream   46 k
[   26.367424] upgrade[1599]:  libSM                                    x86_64  1.2.3-10.el9                                 almalinux9-appstream   41 k
[   26.376163] upgrade[1599]:  libSM-devel                              x86_64  1.2.3-10.el9                                 almalinux9-appstream   12 k
[   26.385546] upgrade[1599]:  libX11                                   x86_64  1.7.0-8.el9                                  almalinux9-appstream  644 k
[   26.394760] upgrade[1599]:  libX11-common                            noarch  1.7.0-8.el9                                  almalinux9-appstream  151 k
[   26.404306] upgrade[1599]:  libX11-devel                             x86_64  1.7.0-8.el9                                  almalinux9-appstream  939 k
[   26.413120] upgrade[1599]:  libX11-xcb                               x86_64  1.7.0-8.el9                                  almalinux9-appstream  9.8 k
[   26.422470] upgrade[1599]:  libXau                                   x86_64  1.0.9-8.el9                                  almalinux9-appstream   30 k
[   26.431551] upgrade[1599]:  libXau-devel                             x86_64  1.0.9-8.el9                                  almalinux9-appstream   13 k
[   26.445602] upgrade[1599]:  libXaw                                   x86_64  1.0.13-19.el9                                almalinux9-appstream  197 k
[   26.454495] upgrade[1599]:  libXcomposite                            x86_64  0.4.5-7.el9                                  almalinux9-appstream   23 k
[   26.463649] upgrade[1599]:  libXcursor                               x86_64  1.2.0-7.el9                                  almalinux9-appstream   30 k
[   26.472909] upgrade[1599]:  libXdamage                               x86_64  1.1.5-7.el9                                  almalinux9-appstream   22 k
[   26.488247] upgrade[1599]:  libXdamage-devel                         x86_64  1.1.5-7.el9                                  almalinux9-appstream  9.3 k
[   26.497483] upgrade[1599]:  libXext                                  x86_64  1.3.4-8.el9                                  almalinux9-appstream   39 k
[   26.506701] upgrade[1599]:  libXext-devel                            x86_64  1.3.4-8.el9                                  almalinux9-appstream   72 k
[   26.516151] upgrade[1599]:  libXfixes                                x86_64  5.0.3-16.el9                                 almalinux9-appstream   19 k
[   26.525671] upgrade[1599]:  libXfixes-devel                          x86_64  5.0.3-16.el9                                 almalinux9-appstream   12 k
[   26.534742] upgrade[1599]:  libXft                                   x86_64  2.3.3-8.el9                                  almalinux9-appstream   61 k
[   26.544005] upgrade[1599]:  libXft-devel                             x86_64  2.3.3-8.el9                                  almalinux9-appstream   18 k
[   26.553314] upgrade[1599]:  libXi                                    x86_64  1.7.10-8.el9                                 almalinux9-appstream   39 k
[   26.563047] upgrade[1599]:  libXinerama                              x86_64  1.1.4-10.el9                                 almalinux9-appstream   14 k
[   26.572358] upgrade[1599]:  libXmu                                   x86_64  1.1.3-8.el9                                  almalinux9-appstream   74 k
[   26.581691] upgrade[1599]:  libXpm                                   x86_64  3.5.13-8.el9_1                               almalinux9-appstream   57 k
[   26.590911] upgrade[1599]:  libXpm-devel                             x86_64  3.5.13-8.el9_1                               almalinux9-appstream   34 k
[   26.600435] upgrade[1599]:  libXrandr                                x86_64  1.5.2-8.el9                                  almalinux9-appstream   27 k
[   26.609653] upgrade[1599]:  libXrender                               x86_64  0.9.10-16.el9                                almalinux9-appstream   27 k
[   26.618910] upgrade[1599]:  libXrender-devel                         x86_64  0.9.10-16.el9                                almalinux9-appstream   16 k
[   26.627975] upgrade[1599]:  libXt                                    x86_64  1.2.0-6.el9                                  almalinux9-appstream  179 k
